build-and-test	Set up job	﻿2026-07-22T18:52:39.4401073Z Current runner version: '2.336.0'
build-and-test	Set up job	2026-07-22T18:52:39.4427149Z ##[group]Runner Image Provisioner
build-and-test	Set up job	2026-07-22T18:52:39.4428052Z Hosted Compute Agent
build-and-test	Set up job	2026-07-22T18:52:39.4428655Z Version: 20260707.563
build-and-test	Set up job	2026-07-22T18:52:39.4429345Z Commit: 02667638d2b423fbc733a8e32a88b44996a3ba6e
build-and-test	Set up job	2026-07-22T18:52:39.4430077Z Build Date: 2026-07-07T19:33:50Z
build-and-test	Set up job	2026-07-22T18:52:39.4430828Z Worker ID: {d013d211-2244-4554-9cda-7be99a4777d6}
build-and-test	Set up job	2026-07-22T18:52:39.4431647Z Azure Region: westcentralus
build-and-test	Set up job	2026-07-22T18:52:39.4432264Z ##[endgroup]
build-and-test	Set up job	2026-07-22T18:52:39.4433639Z ##[group]Operating System
build-and-test	Set up job	2026-07-22T18:52:39.4434299Z Ubuntu
build-and-test	Set up job	2026-07-22T18:52:39.4435122Z 24.04.4
build-and-test	Set up job	2026-07-22T18:52:39.4435702Z LTS
build-and-test	Set up job	2026-07-22T18:52:39.4436236Z ##[endgroup]
build-and-test	Set up job	2026-07-22T18:52:39.4436776Z ##[group]Runner Image
build-and-test	Set up job	2026-07-22T18:52:39.4437486Z Image: ubuntu-24.04
build-and-test	Set up job	2026-07-22T18:52:39.4438099Z Version: 20260714.240.1
build-and-test	Set up job	2026-07-22T18:52:39.4439200Z Included Software: https://github.com/actions/runner-images/blob/ubuntu24/20260714.240/images/ubuntu/Ubuntu2404-Readme.md
build-and-test	Set up job	2026-07-22T18:52:39.4440919Z Image Release: https://github.com/actions/runner-images/releases/tag/ubuntu24%2F20260714.240
build-and-test	Set up job	2026-07-22T18:52:39.4441960Z ##[endgroup]
build-and-test	Set up job	2026-07-22T18:52:39.4443189Z ##[group]GITHUB_TOKEN Permissions
build-and-test	Set up job	2026-07-22T18:52:39.4445442Z Contents: read
build-and-test	Set up job	2026-07-22T18:52:39.4446117Z Metadata: read
build-and-test	Set up job	2026-07-22T18:52:39.4446819Z Packages: read
build-and-test	Set up job	2026-07-22T18:52:39.4447420Z ##[endgroup]
build-and-test	Set up job	2026-07-22T18:52:39.4449921Z Secret source: Actions
build-and-test	Set up job	2026-07-22T18:52:39.4451139Z Prepare workflow directory
build-and-test	Set up job	2026-07-22T18:52:39.5808595Z Prepare all required actions
build-and-test	Set up job	2026-07-22T18:52:39.5867753Z Getting action download info
build-and-test	Set up job	2026-07-22T18:52:39.8867580Z Download action repository 'actions/checkout@v4' (SHA:11d5960a326750d5838078e36cf38b85af677262)
build-and-test	Set up job	2026-07-22T18:52:40.6025188Z Download action repository 'actions/setup-python@v5' (SHA:a26af69be951a213d495a4c3e4e4022e16d87065)
build-and-test	Set up job	2026-07-22T18:52:40.9877638Z Complete job name: build-and-test
build-and-test	Run actions/checkout@v4	﻿2026-07-22T18:52:41.4403252Z Node 20 is being deprecated. This workflow is running with Node 24 by default. If you need to temporarily use Node 20, you can set the ACTIONS_ALLOW_USE_UNSECURE_NODE_VERSION=true environment variable. For more information see: https://github.blog/changelog/2025-09-19-deprecation-of-node-20-on-github-actions-runners/
build-and-test	Run actions/checkout@v4	2026-07-22T18:52:41.4416346Z ##[group]Run actions/checkout@v4
build-and-test	Run actions/checkout@v4	2026-07-22T18:52:41.4417820Z with:
build-and-test	Run actions/checkout@v4	2026-07-22T18:52:41.4418885Z   repository: Piyushh-Gupta/CrowdDNA
build-and-test	Run actions/checkout@v4	2026-07-22T18:52:41.4429614Z   token: ***
build-and-test	Run actions/checkout@v4	2026-07-22T18:52:41.4430565Z   ssh-strict: true
build-and-test	Run actions/checkout@v4	2026-07-22T18:52:41.4431544Z   ssh-user: git
build-and-test	Run actions/checkout@v4	2026-07-22T18:52:41.4432526Z   persist-credentials: true
build-and-test	Run actions/checkout@v4	2026-07-22T18:52:41.4433624Z   clean: true
build-and-test	Run actions/checkout@v4	2026-07-22T18:52:41.4434742Z   sparse-checkout-cone-mode: true
build-and-test	Run actions/checkout@v4	2026-07-22T18:52:41.4435942Z   fetch-depth: 1
build-and-test	Run actions/checkout@v4	2026-07-22T18:52:41.4436899Z   fetch-tags: false
build-and-test	Run actions/checkout@v4	2026-07-22T18:52:41.4437872Z   show-progress: true
build-and-test	Run actions/checkout@v4	2026-07-22T18:52:41.4438873Z   lfs: false
build-and-test	Run actions/checkout@v4	2026-07-22T18:52:41.4439771Z   submodules: false
build-and-test	Run actions/checkout@v4	2026-07-22T18:52:41.4440819Z   set-safe-directory: true
build-and-test	Run actions/checkout@v4	2026-07-22T18:52:41.4441946Z   allow-unsafe-pr-checkout: false
build-and-test	Run actions/checkout@v4	2026-07-22T18:52:41.4443339Z ##[endgroup]
build-and-test	Run actions/checkout@v4	2026-07-22T18:52:41.5558654Z Syncing repository: Piyushh-Gupta/CrowdDNA
build-and-test	Run actions/checkout@v4	2026-07-22T18:52:41.5562946Z ##[group]Getting Git version info
build-and-test	Run actions/checkout@v4	2026-07-22T18:52:41.5565468Z Working directory is '/home/runner/work/CrowdDNA/CrowdDNA'
build-and-test	Run actions/checkout@v4	2026-07-22T18:52:41.5575597Z [command]/usr/bin/git version
build-and-test	Run actions/checkout@v4	2026-07-22T18:52:41.5712253Z git version 2.54.0
build-and-test	Run actions/checkout@v4	2026-07-22T18:52:41.5735308Z ##[endgroup]
build-and-test	Run actions/checkout@v4	2026-07-22T18:52:41.5763521Z Temporarily overriding HOME='/home/runner/work/_temp/2534c87a-7417-4dcf-86f4-85952f42a291' before making global git config changes
build-and-test	Run actions/checkout@v4	2026-07-22T18:52:41.5768817Z Adding repository directory to the temporary git global config as a safe directory
build-and-test	Run actions/checkout@v4	2026-07-22T18:52:41.5772862Z [command]/usr/bin/git config --global --add safe.directory /home/runner/work/CrowdDNA/CrowdDNA
build-and-test	Run actions/checkout@v4	2026-07-22T18:52:41.5823853Z Deleting the contents of '/home/runner/work/CrowdDNA/CrowdDNA'
build-and-test	Run actions/checkout@v4	2026-07-22T18:52:41.5828355Z ##[group]Initializing the repository
build-and-test	Run actions/checkout@v4	2026-07-22T18:52:41.5833667Z [command]/usr/bin/git init /home/runner/work/CrowdDNA/CrowdDNA
build-and-test	Run actions/checkout@v4	2026-07-22T18:52:41.5926821Z hint: Using 'master' as the name for the initial branch. This default branch name
build-and-test	Run actions/checkout@v4	2026-07-22T18:52:41.5929144Z hint: will change to "main" in Git 3.0. To configure the initial branch name
build-and-test	Run actions/checkout@v4	2026-07-22T18:52:41.5931272Z hint: to use in all of your new repositories, which will suppress this warning,
build-and-test	Run actions/checkout@v4	2026-07-22T18:52:41.5932937Z hint: call:
build-and-test	Run actions/checkout@v4	2026-07-22T18:52:41.5933762Z hint:
build-and-test	Run actions/checkout@v4	2026-07-22T18:52:41.5934975Z hint: 	git config --global init.defaultBranch <name>
build-and-test	Run actions/checkout@v4	2026-07-22T18:52:41.5936305Z hint:
build-and-test	Run actions/checkout@v4	2026-07-22T18:52:41.5937554Z hint: Names commonly chosen instead of 'master' are 'main', 'trunk' and
build-and-test	Run actions/checkout@v4	2026-07-22T18:52:41.5939626Z hint: 'development'. The just-created branch can be renamed via this command:
build-and-test	Run actions/checkout@v4	2026-07-22T18:52:41.5941268Z hint:
build-and-test	Run actions/checkout@v4	2026-07-22T18:52:41.5942171Z hint: 	git branch -m <name>
build-and-test	Run actions/checkout@v4	2026-07-22T18:52:41.5943252Z hint:
build-and-test	Run actions/checkout@v4	2026-07-22T18:52:41.5944740Z hint: Disable this message with "git config set advice.defaultBranchName false"
build-and-test	Run actions/checkout@v4	2026-07-22T18:52:41.5953917Z Initialized empty Git repository in /home/runner/work/CrowdDNA/CrowdDNA/.git/
build-and-test	Run actions/checkout@v4	2026-07-22T18:52:41.5965509Z [command]/usr/bin/git remote add origin https://github.com/Piyushh-Gupta/CrowdDNA
build-and-test	Run actions/checkout@v4	2026-07-22T18:52:41.6015163Z ##[endgroup]
build-and-test	Run actions/checkout@v4	2026-07-22T18:52:41.6016769Z ##[group]Disabling automatic garbage collection
build-and-test	Run actions/checkout@v4	2026-07-22T18:52:41.6018633Z [command]/usr/bin/git config --local gc.auto 0
build-and-test	Run actions/checkout@v4	2026-07-22T18:52:41.6058377Z ##[endgroup]
build-and-test	Run actions/checkout@v4	2026-07-22T18:52:41.6059862Z ##[group]Setting up auth
build-and-test	Run actions/checkout@v4	2026-07-22T18:52:41.6064640Z [command]/usr/bin/git config --local --name-only --get-regexp core\.sshCommand
build-and-test	Run actions/checkout@v4	2026-07-22T18:52:41.6105569Z [command]/usr/bin/git submodule foreach --recursive sh -c "git config --local --name-only --get-regexp 'core\.sshCommand' && git config --local --unset-all 'core.sshCommand' || :"
build-and-test	Run actions/checkout@v4	2026-07-22T18:52:41.6490816Z [command]/usr/bin/git config --local --name-only --get-regexp http\.https\:\/\/github\.com\/\.extraheader
build-and-test	Run actions/checkout@v4	2026-07-22T18:52:41.6559864Z [command]/usr/bin/git submodule foreach --recursive sh -c "git config --local --name-only --get-regexp 'http\.https\:\/\/github\.com\/\.extraheader' && git config --local --unset-all 'http.https://github.com/.extraheader' || :"
build-and-test	Run actions/checkout@v4	2026-07-22T18:52:41.6807015Z [command]/usr/bin/git config --local --name-only --get-regexp ^includeIf\.gitdir:
build-and-test	Run actions/checkout@v4	2026-07-22T18:52:41.6849403Z [command]/usr/bin/git submodule foreach --recursive git config --local --show-origin --name-only --get-regexp remote.origin.url
build-and-test	Run actions/checkout@v4	2026-07-22T18:52:41.7091396Z [command]/usr/bin/git config --local http.https://github.com/.extraheader AUTHORIZATION: basic ***
build-and-test	Run actions/checkout@v4	2026-07-22T18:52:41.7132058Z ##[endgroup]
build-and-test	Run actions/checkout@v4	2026-07-22T18:52:41.7133602Z ##[group]Fetching the repository
build-and-test	Run actions/checkout@v4	2026-07-22T18:52:41.7144767Z [command]/usr/bin/git -c protocol.version=2 fetch --no-tags --prune --no-recurse-submodules --depth=1 origin +8a5111f0bda941026507aac71da4971190f72653:refs/remotes/pull/41/merge
build-and-test	Run actions/checkout@v4	2026-07-22T18:52:42.5528727Z From https://github.com/Piyushh-Gupta/CrowdDNA
build-and-test	Run actions/checkout@v4	2026-07-22T18:52:42.5532240Z  * [new ref]         8a5111f0bda941026507aac71da4971190f72653 -> pull/41/merge
build-and-test	Run actions/checkout@v4	2026-07-22T18:52:42.5566368Z ##[endgroup]
build-and-test	Run actions/checkout@v4	2026-07-22T18:52:42.5568619Z ##[group]Determining the checkout info
build-and-test	Run actions/checkout@v4	2026-07-22T18:52:42.5571491Z ##[endgroup]
build-and-test	Run actions/checkout@v4	2026-07-22T18:52:42.5576280Z [command]/usr/bin/git sparse-checkout disable
build-and-test	Run actions/checkout@v4	2026-07-22T18:52:42.5631017Z [command]/usr/bin/git config --local --unset-all extensions.worktreeConfig
build-and-test	Run actions/checkout@v4	2026-07-22T18:52:42.5667827Z ##[group]Checking out the ref
build-and-test	Run actions/checkout@v4	2026-07-22T18:52:42.5670727Z [command]/usr/bin/git checkout --progress --force refs/remotes/pull/41/merge
build-and-test	Run actions/checkout@v4	2026-07-22T18:52:42.5827268Z Note: switching to 'refs/remotes/pull/41/merge'.
build-and-test	Run actions/checkout@v4	2026-07-22T18:52:42.5828717Z 
build-and-test	Run actions/checkout@v4	2026-07-22T18:52:42.5829884Z You are in 'detached HEAD' state. You can look around, make experimental
build-and-test	Run actions/checkout@v4	2026-07-22T18:52:42.5832663Z changes and commit them, and you can discard any commits you make in this
build-and-test	Run actions/checkout@v4	2026-07-22T18:52:42.5835026Z state without impacting any branches by switching back to a branch.
build-and-test	Run actions/checkout@v4	2026-07-22T18:52:42.5837005Z 
build-and-test	Run actions/checkout@v4	2026-07-22T18:52:42.5838123Z If you want to create a new branch to retain commits you create, you may
build-and-test	Run actions/checkout@v4	2026-07-22T18:52:42.5840481Z do so (now or later) by using -c with the switch command. Example:
build-and-test	Run actions/checkout@v4	2026-07-22T18:52:42.5841565Z 
build-and-test	Run actions/checkout@v4	2026-07-22T18:52:42.5841998Z   git switch -c <new-branch-name>
build-and-test	Run actions/checkout@v4	2026-07-22T18:52:42.5842715Z 
build-and-test	Run actions/checkout@v4	2026-07-22T18:52:42.5843136Z Or undo this operation with:
build-and-test	Run actions/checkout@v4	2026-07-22T18:52:42.5843806Z 
build-and-test	Run actions/checkout@v4	2026-07-22T18:52:42.5844190Z   git switch -
build-and-test	Run actions/checkout@v4	2026-07-22T18:52:42.5844911Z 
build-and-test	Run actions/checkout@v4	2026-07-22T18:52:42.5845792Z Turn off this advice by setting config variable advice.detachedHead to false
build-and-test	Run actions/checkout@v4	2026-07-22T18:52:42.5847107Z 
build-and-test	Run actions/checkout@v4	2026-07-22T18:52:42.5848698Z HEAD is now at 8a5111f Merge 1567f02777326d0f404fca2374ff9e2f9e96d1b5 into 09f1b64da7fc4d7d2ab44b6afb9412c4126ab31d
build-and-test	Run actions/checkout@v4	2026-07-22T18:52:42.5852706Z ##[endgroup]
build-and-test	Run actions/checkout@v4	2026-07-22T18:52:42.5882799Z [command]/usr/bin/git log -1 --format=%H
build-and-test	Run actions/checkout@v4	2026-07-22T18:52:42.5911601Z 8a5111f0bda941026507aac71da4971190f72653
build-and-test	Set up Python	﻿2026-07-22T18:52:42.9591698Z Node 20 is being deprecated. This workflow is running with Node 24 by default. If you need to temporarily use Node 20, you can set the ACTIONS_ALLOW_USE_UNSECURE_NODE_VERSION=true environment variable. For more information see: https://github.blog/changelog/2025-09-19-deprecation-of-node-20-on-github-actions-runners/
build-and-test	Set up Python	2026-07-22T18:52:42.9597045Z ##[group]Run actions/setup-python@v5
build-and-test	Set up Python	2026-07-22T18:52:42.9598127Z with:
build-and-test	Set up Python	2026-07-22T18:52:42.9598946Z   python-version: 3.11
build-and-test	Set up Python	2026-07-22T18:52:42.9599892Z   check-latest: false
build-and-test	Set up Python	2026-07-22T18:52:42.9608622Z   token: ***
build-and-test	Set up Python	2026-07-22T18:52:42.9609513Z   update-environment: true
build-and-test	Set up Python	2026-07-22T18:52:42.9610539Z   allow-prereleases: false
build-and-test	Set up Python	2026-07-22T18:52:42.9611533Z   freethreaded: false
build-and-test	Set up Python	2026-07-22T18:52:42.9612442Z ##[endgroup]
build-and-test	Set up Python	2026-07-22T18:52:43.0939111Z ##[group]Installed versions
build-and-test	Set up Python	2026-07-22T18:52:43.1585262Z (node:2377) [DEP0040] DeprecationWarning: The `punycode` module is deprecated. Please use a userland alternative instead.
build-and-test	Set up Python	2026-07-22T18:52:43.1589951Z (Use `node --trace-deprecation ...` to show where the warning was created)
build-and-test	Set up Python	2026-07-22T18:52:43.1592454Z Successfully set up CPython (3.11.15)
build-and-test	Set up Python	2026-07-22T18:52:43.1595113Z ##[endgroup]
build-and-test	Install Dependencies	﻿2026-07-22T18:52:43.2758662Z ##[group]Run python -m pip install --upgrade pip
build-and-test	Install Dependencies	2026-07-22T18:52:43.2760132Z ^[[36;1mpython -m pip install --upgrade pip^[[0m
build-and-test	Install Dependencies	2026-07-22T18:52:43.2761696Z ^[[36;1m# requirements-ci.txt is a lightweight subset of requirements.txt.^[[0m
build-and-test	Install Dependencies	2026-07-22T18:52:43.2763379Z ^[[36;1m# Heavy training-only packages (onnx, onnxruntime,^[[0m
build-and-test	Install Dependencies	2026-07-22T18:52:43.2765145Z ^[[36;1m# gradio) are excluded to keep CI fast. They will be added to this^[[0m
build-and-test	Install Dependencies	2026-07-22T18:52:43.2766877Z ^[[36;1m# file as the corresponding modules are implemented and merged.^[[0m
build-and-test	Install Dependencies	2026-07-22T18:52:43.2768362Z ^[[36;1mpip install -r requirements-ci.txt^[[0m
build-and-test	Install Dependencies	2026-07-22T18:52:43.2919145Z shell: /usr/bin/bash -e {0}
build-and-test	Install Dependencies	2026-07-22T18:52:43.2920133Z env:
build-and-test	Install Dependencies	2026-07-22T18:52:43.2921103Z   pythonLocation: /opt/hostedtoolcache/Python/3.11.15/x64
build-and-test	Install Dependencies	2026-07-22T18:52:43.2922704Z   PKG_CONFIG_PATH: /opt/hostedtoolcache/Python/3.11.15/x64/lib/pkgconfig
build-and-test	Install Dependencies	2026-07-22T18:52:43.2924308Z   Python_ROOT_DIR: /opt/hostedtoolcache/Python/3.11.15/x64
build-and-test	Install Dependencies	2026-07-22T18:52:43.2925934Z   Python2_ROOT_DIR: /opt/hostedtoolcache/Python/3.11.15/x64
build-and-test	Install Dependencies	2026-07-22T18:52:43.2927442Z   Python3_ROOT_DIR: /opt/hostedtoolcache/Python/3.11.15/x64
build-and-test	Install Dependencies	2026-07-22T18:52:43.2928897Z   LD_LIBRARY_PATH: /opt/hostedtoolcache/Python/3.11.15/x64/lib
build-and-test	Install Dependencies	2026-07-22T18:52:43.2930146Z ##[endgroup]
build-and-test	Install Dependencies	2026-07-22T18:52:46.6181590Z Requirement already satisfied: pip in /opt/hostedtoolcache/Python/3.11.15/x64/lib/python3.11/site-packages (26.1.2)
build-and-test	Install Dependencies	2026-07-22T18:52:48.0914175Z Collecting numpy==1.26.4 (from -r requirements-ci.txt (line 4))
build-and-test	Install Dependencies	2026-07-22T18:52:48.1887420Z   Downloading numpy-1.26.4-cp311-cp311-manylinux_2_17_x86_64.manylinux2014_x86_64.whl.metadata (61 kB)
build-and-test	Install Dependencies	2026-07-22T18:52:48.2651936Z Collecting pyyaml>=6.0 (from -r requirements-ci.txt (line 5))
build-and-test	Install Dependencies	2026-07-22T18:52:48.2842687Z   Downloading pyyaml-6.0.3-cp311-cp311-manylinux2014_x86_64.manylinux_2_17_x86_64.manylinux_2_28_x86_64.whl.metadata (2.4 kB)
build-and-test	Install Dependencies	2026-07-22T18:52:48.3419546Z Collecting opencv-python-headless==4.9.0.80 (from -r requirements-ci.txt (line 6))
build-and-test	Install Dependencies	2026-07-22T18:52:48.3620867Z   Downloading opencv_python_headless-4.9.0.80-cp37-abi3-manylinux_2_17_x86_64.manylinux2014_x86_64.whl.metadata (20 kB)
build-and-test	Install Dependencies	2026-07-22T18:52:48.3913588Z Collecting pysocialforce==1.1.2 (from -r requirements-ci.txt (line 7))
build-and-test	Install Dependencies	2026-07-22T18:52:48.4114240Z   Downloading PySocialForce-1.1.2-py3-none-any.whl.metadata (7.6 kB)
build-and-test	Install Dependencies	2026-07-22T18:52:48.4440460Z Collecting networkx==3.2.1 (from -r requirements-ci.txt (line 8))
build-and-test	Install Dependencies	2026-07-22T18:52:48.4629820Z   Downloading networkx-3.2.1-py3-none-any.whl.metadata (5.2 kB)
build-and-test	Install Dependencies	2026-07-22T18:52:48.5197137Z Collecting torch==2.2.1 (from -r requirements-ci.txt (line 9))
build-and-test	Install Dependencies	2026-07-22T18:52:48.5395361Z   Downloading torch-2.2.1-cp311-cp311-manylinux1_x86_64.whl.metadata (26 kB)
build-and-test	Install Dependencies	2026-07-22T18:52:48.6186373Z Collecting ultralytics==8.1.29 (from -r requirements-ci.txt (line 10))
build-and-test	Install Dependencies	2026-07-22T18:52:48.6383950Z   Downloading ultralytics-8.1.29-py3-none-any.whl.metadata (40 kB)
build-and-test	Install Dependencies	2026-07-22T18:52:48.7267511Z Collecting gradio==4.21.0 (from -r requirements-ci.txt (line 11))
build-and-test	Install Dependencies	2026-07-22T18:52:48.7466554Z   Downloading gradio-4.21.0-py3-none-any.whl.metadata (15 kB)
build-and-test	Install Dependencies	2026-07-22T18:52:48.7960913Z Collecting huggingface-hub<0.24.0 (from -r requirements-ci.txt (line 12))
build-and-test	Install Dependencies	2026-07-22T18:52:48.8179305Z   Downloading huggingface_hub-0.23.5-py3-none-any.whl.metadata (12 kB)
build-and-test	Install Dependencies	2026-07-22T18:52:48.8538035Z Collecting torch-geometric==2.5.0 (from -r requirements-ci.txt (line 13))
build-and-test	Install Dependencies	2026-07-22T18:52:48.8738222Z   Downloading torch_geometric-2.5.0-py3-none-any.whl.metadata (64 kB)
build-and-test	Install Dependencies	2026-07-22T18:52:48.9634262Z Collecting scikit-learn==1.4.1.post1 (from -r requirements-ci.txt (line 14))
build-and-test	Install Dependencies	2026-07-22T18:52:48.9842036Z   Downloading scikit_learn-1.4.1.post1-cp311-cp311-manylinux_2_17_x86_64.manylinux2014_x86_64.whl.metadata (11 kB)
build-and-test	Install Dependencies	2026-07-22T18:52:49.1047652Z Collecting matplotlib==3.8.3 (from -r requirements-ci.txt (line 15))
build-and-test	Install Dependencies	2026-07-22T18:52:49.1255240Z   Downloading matplotlib-3.8.3-cp311-cp311-manylinux_2_17_x86_64.manylinux2014_x86_64.whl.metadata (5.8 kB)
build-and-test	Install Dependencies	2026-07-22T18:52:49.1622139Z Collecting pytest==8.0.2 (from -r requirements-ci.txt (line 18))
build-and-test	Install Dependencies	2026-07-22T18:52:49.1820573Z   Downloading pytest-8.0.2-py3-none-any.whl.metadata (7.7 kB)
build-and-test	Install Dependencies	2026-07-22T18:52:49.4767934Z Collecting ruff==0.3.2 (from -r requirements-ci.txt (line 19))
build-and-test	Install Dependencies	2026-07-22T18:52:49.4970492Z   Downloading ruff-0.3.2-py3-none-manylinux_2_17_x86_64.manylinux2014_x86_64.whl.metadata (23 kB)
build-and-test	Install Dependencies	2026-07-22T18:52:49.5864819Z Collecting toml>=0.10 (from pysocialforce==1.1.2->-r requirements-ci.txt (line 7))
build-and-test	Install Dependencies	2026-07-22T18:52:49.6062176Z   Downloading toml-0.10.2-py2.py3-none-any.whl.metadata (7.1 kB)
build-and-test	Install Dependencies	2026-07-22T18:52:49.6983725Z Collecting numba>=0.51 (from pysocialforce==1.1.2->-r requirements-ci.txt (line 7))
build-and-test	Install Dependencies	2026-07-22T18:52:49.7172611Z   Downloading numba-0.66.0-cp311-cp311-manylinux2014_x86_64.manylinux_2_17_x86_64.whl.metadata (2.7 kB)
build-and-test	Install Dependencies	2026-07-22T18:52:49.8293165Z Collecting scipy>=1.5 (from pysocialforce==1.1.2->-r requirements-ci.txt (line 7))
build-and-test	Install Dependencies	2026-07-22T18:52:49.8489987Z   Downloading scipy-1.17.1-cp311-cp311-manylinux_2_27_x86_64.manylinux_2_28_x86_64.whl.metadata (62 kB)
build-and-test	Install Dependencies	2026-07-22T18:52:49.9199487Z Collecting filelock (from torch==2.2.1->-r requirements-ci.txt (line 9))
build-and-test	Install Dependencies	2026-07-22T18:52:49.9390276Z   Downloading filelock-3.32.0-py3-none-any.whl.metadata (2.0 kB)
build-and-test	Install Dependencies	2026-07-22T18:52:49.9681260Z Collecting typing-extensions>=4.8.0 (from torch==2.2.1->-r requirements-ci.txt (line 9))
build-and-test	Install Dependencies	2026-07-22T18:52:49.9872743Z   Downloading typing_extensions-4.16.0-py3-none-any.whl.metadata (3.3 kB)
build-and-test	Install Dependencies	2026-07-22T18:52:50.0167549Z Collecting sympy (from torch==2.2.1->-r requirements-ci.txt (line 9))
build-and-test	Install Dependencies	2026-07-22T18:52:50.0358044Z   Downloading sympy-1.14.0-py3-none-any.whl.metadata (12 kB)
build-and-test	Install Dependencies	2026-07-22T18:52:50.0764864Z Collecting jinja2 (from torch==2.2.1->-r requirements-ci.txt (line 9))
build-and-test	Install Dependencies	2026-07-22T18:52:50.0965537Z   Downloading jinja2-3.1.6-py3-none-any.whl.metadata (2.9 kB)
build-and-test	Install Dependencies	2026-07-22T18:52:50.1813783Z Collecting fsspec (from torch==2.2.1->-r requirements-ci.txt (line 9))
build-and-test	Install Dependencies	2026-07-22T18:52:50.2005198Z   Downloading fsspec-2026.6.0-py3-none-any.whl.metadata (10 kB)
build-and-test	Install Dependencies	2026-07-22T18:52:50.2426623Z Collecting nvidia-cuda-nvrtc-cu12==12.1.105 (from torch==2.2.1->-r requirements-ci.txt (line 9))
build-and-test	Install Dependencies	2026-07-22T18:52:50.2621141Z   Downloading nvidia_cuda_nvrtc_cu12-12.1.105-py3-none-manylinux1_x86_64.whl.metadata (1.5 kB)
build-and-test	Install Dependencies	2026-07-22T18:52:50.2900426Z Collecting nvidia-cuda-runtime-cu12==12.1.105 (from torch==2.2.1->-r requirements-ci.txt (line 9))
build-and-test	Install Dependencies	2026-07-22T18:52:50.3092722Z   Downloading nvidia_cuda_runtime_cu12-12.1.105-py3-none-manylinux1_x86_64.whl.metadata (1.5 kB)
build-and-test	Install Dependencies	2026-07-22T18:52:50.3362292Z Collecting nvidia-cuda-cupti-cu12==12.1.105 (from torch==2.2.1->-r requirements-ci.txt (line 9))
build-and-test	Install Dependencies	2026-07-22T18:52:50.3552942Z   Downloading nvidia_cuda_cupti_cu12-12.1.105-py3-none-manylinux1_x86_64.whl.metadata (1.6 kB)
build-and-test	Install Dependencies	2026-07-22T18:52:50.3848082Z Collecting nvidia-cudnn-cu12==8.9.2.26 (from torch==2.2.1->-r requirements-ci.txt (line 9))
build-and-test	Install Dependencies	2026-07-22T18:52:50.4037501Z   Downloading nvidia_cudnn_cu12-8.9.2.26-py3-none-manylinux1_x86_64.whl.metadata (1.6 kB)
build-and-test	Install Dependencies	2026-07-22T18:52:50.4311743Z Collecting nvidia-cublas-cu12==12.1.3.1 (from torch==2.2.1->-r requirements-ci.txt (line 9))
build-and-test	Install Dependencies	2026-07-22T18:52:50.4500680Z   Downloading nvidia_cublas_cu12-12.1.3.1-py3-none-manylinux1_x86_64.whl.metadata (1.5 kB)
build-and-test	Install Dependencies	2026-07-22T18:52:50.4779911Z Collecting nvidia-cufft-cu12==11.0.2.54 (from torch==2.2.1->-r requirements-ci.txt (line 9))
build-and-test	Install Dependencies	2026-07-22T18:52:50.4970286Z   Downloading nvidia_cufft_cu12-11.0.2.54-py3-none-manylinux1_x86_64.whl.metadata (1.5 kB)
build-and-test	Install Dependencies	2026-07-22T18:52:50.5261987Z Collecting nvidia-curand-cu12==10.3.2.106 (from torch==2.2.1->-r requirements-ci.txt (line 9))
build-and-test	Install Dependencies	2026-07-22T18:52:50.5450594Z   Downloading nvidia_curand_cu12-10.3.2.106-py3-none-manylinux1_x86_64.whl.metadata (1.5 kB)
build-and-test	Install Dependencies	2026-07-22T18:52:50.5732986Z Collecting nvidia-cusolver-cu12==11.4.5.107 (from torch==2.2.1->-r requirements-ci.txt (line 9))
build-and-test	Install Dependencies	2026-07-22T18:52:50.5931866Z   Downloading nvidia_cusolver_cu12-11.4.5.107-py3-none-manylinux1_x86_64.whl.metadata (1.6 kB)
build-and-test	Install Dependencies	2026-07-22T18:52:50.6216446Z Collecting nvidia-cusparse-cu12==12.1.0.106 (from torch==2.2.1->-r requirements-ci.txt (line 9))
build-and-test	Install Dependencies	2026-07-22T18:52:50.6406150Z   Downloading nvidia_cusparse_cu12-12.1.0.106-py3-none-manylinux1_x86_64.whl.metadata (1.6 kB)
build-and-test	Install Dependencies	2026-07-22T18:52:50.6696343Z Collecting nvidia-nccl-cu12==2.19.3 (from torch==2.2.1->-r requirements-ci.txt (line 9))
build-and-test	Install Dependencies	2026-07-22T18:52:50.6913224Z   Downloading nvidia_nccl_cu12-2.19.3-py3-none-manylinux1_x86_64.whl.metadata (1.8 kB)
build-and-test	Install Dependencies	2026-07-22T18:52:50.7203406Z Collecting nvidia-nvtx-cu12==12.1.105 (from torch==2.2.1->-r requirements-ci.txt (line 9))
build-and-test	Install Dependencies	2026-07-22T18:52:50.7393776Z   Downloading nvidia_nvtx_cu12-12.1.105-py3-none-manylinux1_x86_64.whl.metadata (1.7 kB)
build-and-test	Install Dependencies	2026-07-22T18:52:50.7703946Z Collecting triton==2.2.0 (from torch==2.2.1->-r requirements-ci.txt (line 9))
build-and-test	Install Dependencies	2026-07-22T18:52:50.7904988Z   Downloading triton-2.2.0-cp311-cp311-manylinux_2_17_x86_64.manylinux2014_x86_64.whl.metadata (1.4 kB)
build-and-test	Install Dependencies	2026-07-22T18:52:50.8620632Z Collecting opencv-python>=4.6.0 (from ultralytics==8.1.29->-r requirements-ci.txt (line 10))
build-and-test	Install Dependencies	2026-07-22T18:52:50.8814042Z   Downloading opencv_python-5.0.0.93-cp37-abi3-manylinux_2_28_x86_64.whl.metadata (19 kB)
build-and-test	Install Dependencies	2026-07-22T18:52:51.0301137Z Collecting pillow>=7.1.2 (from ultralytics==8.1.29->-r requirements-ci.txt (line 10))
build-and-test	Install Dependencies	2026-07-22T18:52:51.0500977Z   Downloading pillow-12.3.0-cp311-cp311-manylinux_2_27_x86_64.manylinux_2_28_x86_64.whl.metadata (9.1 kB)
build-and-test	Install Dependencies	2026-07-22T18:52:51.0858259Z Collecting requests>=2.23.0 (from ultralytics==8.1.29->-r requirements-ci.txt (line 10))
build-and-test	Install Dependencies	2026-07-22T18:52:51.1051580Z   Downloading requests-2.34.2-py3-none-any.whl.metadata (4.8 kB)
build-and-test	Install Dependencies	2026-07-22T18:52:51.1663040Z Collecting torchvision>=0.9.0 (from ultralytics==8.1.29->-r requirements-ci.txt (line 10))
build-and-test	Install Dependencies	2026-07-22T18:52:51.1859660Z   Downloading torchvision-0.28.0-cp311-cp311-manylinux_2_28_x86_64.whl.metadata (5.6 kB)
build-and-test	Install Dependencies	2026-07-22T18:52:51.2225511Z Collecting tqdm>=4.64.0 (from ultralytics==8.1.29->-r requirements-ci.txt (line 10))
build-and-test	Install Dependencies	2026-07-22T18:52:51.2414071Z   Downloading tqdm-4.69.0-py3-none-any.whl.metadata (57 kB)
build-and-test	Install Dependencies	2026-07-22T18:52:51.3469705Z Collecting psutil (from ultralytics==8.1.29->-r requirements-ci.txt (line 10))
build-and-test	Install Dependencies	2026-07-22T18:52:51.3662368Z   Downloading psutil-7.2.2-cp36-abi3-manylinux2010_x86_64.manylinux_2_12_x86_64.manylinux_2_28_x86_64.whl.metadata (22 kB)
build-and-test	Install Dependencies	2026-07-22T18:52:51.3962936Z Collecting py-cpuinfo (from ultralytics==8.1.29->-r requirements-ci.txt (line 10))
build-and-test	Install Dependencies	2026-07-22T18:52:51.4151982Z   Downloading py_cpuinfo-9.0.0-py3-none-any.whl.metadata (794 bytes)
build-and-test	Install Dependencies	2026-07-22T18:52:51.4438774Z Collecting thop>=0.1.1 (from ultralytics==8.1.29->-r requirements-ci.txt (line 10))
build-and-test	Install Dependencies	2026-07-22T18:52:51.4637279Z   Downloading thop-0.1.1.post2209072238-py3-none-any.whl.metadata (2.7 kB)
build-and-test	Install Dependencies	2026-07-22T18:52:51.5706812Z Collecting pandas>=1.1.4 (from ultralytics==8.1.29->-r requirements-ci.txt (line 10))
build-and-test	Install Dependencies	2026-07-22T18:52:51.5901622Z   Downloading pandas-3.0.3-cp311-cp311-manylinux_2_24_x86_64.manylinux_2_28_x86_64.whl.metadata (79 kB)
build-and-test	Install Dependencies	2026-07-22T18:52:51.6403949Z Collecting seaborn>=0.11.0 (from ultralytics==8.1.29->-r requirements-ci.txt (line 10))
build-and-test	Install Dependencies	2026-07-22T18:52:51.6598547Z   Downloading seaborn-0.13.2-py3-none-any.whl.metadata (5.4 kB)
build-and-test	Install Dependencies	2026-07-22T18:52:51.6878961Z Collecting aiofiles<24.0,>=22.0 (from gradio==4.21.0->-r requirements-ci.txt (line 11))
build-and-test	Install Dependencies	2026-07-22T18:52:51.7085160Z   Downloading aiofiles-23.2.1-py3-none-any.whl.metadata (9.7 kB)
build-and-test	Install Dependencies	2026-07-22T18:52:51.7403954Z Collecting altair<6.0,>=4.2.0 (from gradio==4.21.0->-r requirements-ci.txt (line 11))
build-and-test	Install Dependencies	2026-07-22T18:52:51.7607968Z   Downloading altair-5.5.0-py3-none-any.whl.metadata (11 kB)
build-and-test	Install Dependencies	2026-07-22T18:52:51.8161586Z Collecting fastapi (from gradio==4.21.0->-r requirements-ci.txt (line 11))
build-and-test	Install Dependencies	2026-07-22T18:52:51.8351978Z   Downloading fastapi-0.139.2-py3-none-any.whl.metadata (26 kB)
build-and-test	Install Dependencies	2026-07-22T18:52:51.8648730Z Collecting ffmpy (from gradio==4.21.0->-r requirements-ci.txt (line 11))
build-and-test	Install Dependencies	2026-07-22T18:52:51.8856517Z   Downloading ffmpy-1.0.0-py3-none-any.whl.metadata (3.0 kB)
build-and-test	Install Dependencies	2026-07-22T18:52:51.9195618Z Collecting gradio-client==0.12.0 (from gradio==4.21.0->-r requirements-ci.txt (line 11))
build-and-test	Install Dependencies	2026-07-22T18:52:51.9395553Z   Downloading gradio_client-0.12.0-py3-none-any.whl.metadata (7.1 kB)
build-and-test	Install Dependencies	2026-07-22T18:52:51.9696974Z Collecting httpx>=0.24.1 (from gradio==4.21.0->-r requirements-ci.txt (line 11))
build-and-test	Install Dependencies	2026-07-22T18:52:51.9886952Z   Downloading httpx-0.28.1-py3-none-any.whl.metadata (7.1 kB)
build-and-test	Install Dependencies	2026-07-22T18:52:52.0253666Z Collecting importlib-resources<7.0,>=1.3 (from gradio==4.21.0->-r requirements-ci.txt (line 11))
build-and-test	Install Dependencies	2026-07-22T18:52:52.0449406Z   Downloading importlib_resources-6.5.2-py3-none-any.whl.metadata (3.9 kB)
build-and-test	Install Dependencies	2026-07-22T18:52:52.1034632Z Collecting markupsafe~=2.0 (from gradio==4.21.0->-r requirements-ci.txt (line 11))
build-and-test	Install Dependencies	2026-07-22T18:52:52.1236837Z   Downloading MarkupSafe-2.1.5-cp311-cp311-manylinux_2_17_x86_64.manylinux2014_x86_64.whl.metadata (3.0 kB)
build-and-test	Install Dependencies	2026-07-22T18:52:52.3731319Z Collecting orjson~=3.0 (from gradio==4.21.0->-r requirements-ci.txt (line 11))
build-and-test	Install Dependencies	2026-07-22T18:52:52.3924706Z   Downloading orjson-3.11.9-cp311-cp311-manylinux_2_17_x86_64.manylinux2014_x86_64.whl.metadata (41 kB)
build-and-test	Install Dependencies	2026-07-22T18:52:52.4249246Z Collecting packaging (from gradio==4.21.0->-r requirements-ci.txt (line 11))
build-and-test	Install Dependencies	2026-07-22T18:52:52.4438778Z   Downloading packaging-26.2-py3-none-any.whl.metadata (3.5 kB)
build-and-test	Install Dependencies	2026-07-22T18:52:52.4488839Z Collecting pandas>=1.1.4 (from ultralytics==8.1.29->-r requirements-ci.txt (line 10))
build-and-test	Install Dependencies	2026-07-22T18:52:52.4681581Z   Downloading pandas-2.3.3-cp311-cp311-manylinux_2_24_x86_64.manylinux_2_28_x86_64.whl.metadata (91 kB)
build-and-test	Install Dependencies	2026-07-22T18:52:52.4974331Z Collecting pillow>=7.1.2 (from ultralytics==8.1.29->-r requirements-ci.txt (line 10))
build-and-test	Install Dependencies	2026-07-22T18:52:52.5178365Z   Downloading pillow-10.4.0-cp311-cp311-manylinux_2_28_x86_64.whl.metadata (9.2 kB)
build-and-test	Install Dependencies	2026-07-22T18:52:52.6158396Z Collecting pydantic>=2.0 (from gradio==4.21.0->-r requirements-ci.txt (line 11))
build-and-test	Install Dependencies	2026-07-22T18:52:52.6367617Z   Downloading pydantic-2.13.4-py3-none-any.whl.metadata (109 kB)
build-and-test	Install Dependencies	2026-07-22T18:52:52.6736657Z Collecting pydub (from gradio==4.21.0->-r requirements-ci.txt (line 11))
build-and-test	Install Dependencies	2026-07-22T18:52:52.6926411Z   Downloading pydub-0.25.1-py2.py3-none-any.whl.metadata (1.4 kB)
build-and-test	Install Dependencies	2026-07-22T18:52:52.7199619Z Collecting python-multipart>=0.0.9 (from gradio==4.21.0->-r requirements-ci.txt (line 11))
build-and-test	Install Dependencies	2026-07-22T18:52:52.7395105Z   Downloading python_multipart-0.0.32-py3-none-any.whl.metadata (2.1 kB)
build-and-test	Install Dependencies	2026-07-22T18:52:52.7691944Z Collecting semantic-version~=2.0 (from gradio==4.21.0->-r requirements-ci.txt (line 11))
build-and-test	Install Dependencies	2026-07-22T18:52:52.7881217Z   Downloading semantic_version-2.10.0-py2.py3-none-any.whl.metadata (9.7 kB)
build-and-test	Install Dependencies	2026-07-22T18:52:52.8210910Z Collecting tomlkit==0.12.0 (from gradio==4.21.0->-r requirements-ci.txt (line 11))
build-and-test	Install Dependencies	2026-07-22T18:52:52.8414786Z   Downloading tomlkit-0.12.0-py3-none-any.whl.metadata (2.7 kB)
build-and-test	Install Dependencies	2026-07-22T18:52:52.8748806Z Collecting typer<1.0,>=0.9 (from typer[all]<1.0,>=0.9->gradio==4.21.0->-r requirements-ci.txt (line 11))
build-and-test	Install Dependencies	2026-07-22T18:52:52.8937475Z   Downloading typer-0.27.0-py3-none-any.whl.metadata (15 kB)
build-and-test	Install Dependencies	2026-07-22T18:52:52.9327773Z Collecting uvicorn>=0.14.0 (from gradio==4.21.0->-r requirements-ci.txt (line 11))
build-and-test	Install Dependencies	2026-07-22T18:52:52.9519237Z   Downloading uvicorn-0.51.0-py3-none-any.whl.metadata (6.6 kB)
build-and-test	Install Dependencies	2026-07-22T18:52:53.0170096Z Collecting contourpy>=1.0.1 (from matplotlib==3.8.3->-r requirements-ci.txt (line 15))
build-and-test	Install Dependencies	2026-07-22T18:52:53.0362944Z   Downloading contourpy-1.3.3-cp311-cp311-manylinux_2_27_x86_64.manylinux_2_28_x86_64.whl.metadata (5.5 kB)
build-and-test	Install Dependencies	2026-07-22T18:52:53.0628063Z Collecting cycler>=0.10 (from matplotlib==3.8.3->-r requirements-ci.txt (line 15))
build-and-test	Install Dependencies	2026-07-22T18:52:53.0820496Z   Downloading cycler-0.12.1-py3-none-any.whl.metadata (3.8 kB)
build-and-test	Install Dependencies	2026-07-22T18:52:53.2506612Z Collecting fonttools>=4.22.0 (from matplotlib==3.8.3->-r requirements-ci.txt (line 15))
build-and-test	Install Dependencies	2026-07-22T18:52:53.2699612Z   Downloading fonttools-4.63.0-cp311-cp311-manylinux2014_x86_64.manylinux_2_17_x86_64.whl.metadata (118 kB)
build-and-test	Install Dependencies	2026-07-22T18:52:53.3456868Z Collecting kiwisolver>=1.3.1 (from matplotlib==3.8.3->-r requirements-ci.txt (line 15))
build-and-test	Install Dependencies	2026-07-22T18:52:53.3648929Z   Downloading kiwisolver-1.5.0-cp311-cp311-manylinux2014_x86_64.manylinux_2_17_x86_64.whl.metadata (5.1 kB)
build-and-test	Install Dependencies	2026-07-22T18:52:53.4023301Z Collecting pyparsing>=2.3.1 (from matplotlib==3.8.3->-r requirements-ci.txt (line 15))
build-and-test	Install Dependencies	2026-07-22T18:52:53.4211391Z   Downloading pyparsing-3.3.2-py3-none-any.whl.metadata (5.8 kB)
build-and-test	Install Dependencies	2026-07-22T18:52:53.4486900Z Collecting python-dateutil>=2.7 (from matplotlib==3.8.3->-r requirements-ci.txt (line 15))
build-and-test	Install Dependencies	2026-07-22T18:52:53.4677917Z   Downloading python_dateutil-2.9.0.post0-py2.py3-none-any.whl.metadata (8.4 kB)
build-and-test	Install Dependencies	2026-07-22T18:52:53.9253042Z Collecting aiohttp (from torch-geometric==2.5.0->-r requirements-ci.txt (line 13))
build-and-test	Install Dependencies	2026-07-22T18:52:53.9447767Z   Downloading aiohttp-3.14.2-cp311-cp311-manylinux2014_x86_64.manylinux_2_17_x86_64.manylinux_2_28_x86_64.whl.metadata (8.3 kB)
build-and-test	Install Dependencies	2026-07-22T18:52:53.9819078Z Collecting joblib>=1.2.0 (from scikit-learn==1.4.1.post1->-r requirements-ci.txt (line 14))
build-and-test	Install Dependencies	2026-07-22T18:52:54.0007152Z   Downloading joblib-1.5.3-py3-none-any.whl.metadata (5.5 kB)
build-and-test	Install Dependencies	2026-07-22T18:52:54.0265260Z Collecting threadpoolctl>=2.0.0 (from scikit-learn==1.4.1.post1->-r requirements-ci.txt (line 14))
build-and-test	Install Dependencies	2026-07-22T18:52:54.0455765Z   Downloading threadpoolctl-3.6.0-py3-none-any.whl.metadata (13 kB)
build-and-test	Install Dependencies	2026-07-22T18:52:54.0724684Z Collecting iniconfig (from pytest==8.0.2->-r requirements-ci.txt (line 18))
build-and-test	Install Dependencies	2026-07-22T18:52:54.0912968Z   Downloading iniconfig-2.3.0-py3-none-any.whl.metadata (2.5 kB)
build-and-test	Install Dependencies	2026-07-22T18:52:54.1176817Z Collecting pluggy<2.0,>=1.3.0 (from pytest==8.0.2->-r requirements-ci.txt (line 18))
build-and-test	Install Dependencies	2026-07-22T18:52:54.1368737Z   Downloading pluggy-1.6.0-py3-none-any.whl.metadata (4.8 kB)
build-and-test	Install Dependencies	2026-07-22T18:52:54.2253066Z Collecting websockets<12.0,>=10.0 (from gradio-client==0.12.0->gradio==4.21.0->-r requirements-ci.txt (line 11))
build-and-test	Install Dependencies	2026-07-22T18:52:54.2458497Z   Downloading websockets-11.0.3-cp311-cp311-manylinux_2_5_x86_64.manylinux1_x86_64.manylinux_2_17_x86_64.manylinux2014_x86_64.whl.metadata (6.6 kB)
build-and-test	Install Dependencies	2026-07-22T18:52:54.2792190Z Collecting nvidia-nvjitlink-cu12 (from nvidia-cusolver-cu12==11.4.5.107->torch==2.2.1->-r requirements-ci.txt (line 9))
build-and-test	Install Dependencies	2026-07-22T18:52:54.2980597Z   Downloading nvidia_nvjitlink_cu12-12.9.86-py3-none-manylinux2010_x86_64.manylinux_2_12_x86_64.whl.metadata (1.7 kB)
build-and-test	Install Dependencies	2026-07-22T18:52:54.3448079Z Collecting jsonschema>=3.0 (from altair<6.0,>=4.2.0->gradio==4.21.0->-r requirements-ci.txt (line 11))
build-and-test	Install Dependencies	2026-07-22T18:52:54.3639516Z   Downloading jsonschema-4.26.0-py3-none-any.whl.metadata (7.6 kB)
build-and-test	Install Dependencies	2026-07-22T18:52:54.4092537Z Collecting narwhals>=1.14.2 (from altair<6.0,>=4.2.0->gradio==4.21.0->-r requirements-ci.txt (line 11))
build-and-test	Install Dependencies	2026-07-22T18:52:54.4288705Z   Downloading narwhals-2.24.0-py3-none-any.whl.metadata (15 kB)
build-and-test	Install Dependencies	2026-07-22T18:52:54.4829823Z Collecting pytz>=2020.1 (from pandas>=1.1.4->ultralytics==8.1.29->-r requirements-ci.txt (line 10))
build-and-test	Install Dependencies	2026-07-22T18:52:54.5017949Z   Downloading pytz-2026.2-py2.py3-none-any.whl.metadata (22 kB)
build-and-test	Install Dependencies	2026-07-22T18:52:54.5296135Z Collecting tzdata>=2022.7 (from pandas>=1.1.4->ultralytics==8.1.29->-r requirements-ci.txt (line 10))
build-and-test	Install Dependencies	2026-07-22T18:52:54.5485810Z   Downloading tzdata-2026.3-py2.py3-none-any.whl.metadata (1.4 kB)
build-and-test	Install Dependencies	2026-07-22T18:52:54.5781527Z Collecting shellingham>=1.3.0 (from typer<1.0,>=0.9->typer[all]<1.0,>=0.9->gradio==4.21.0->-r requirements-ci.txt (line 11))
build-and-test	Install Dependencies	2026-07-22T18:52:54.5972949Z   Downloading shellingham-1.5.4-py2.py3-none-any.whl.metadata (3.5 kB)
build-and-test	Install Dependencies	2026-07-22T18:52:54.6358887Z Collecting rich>=13.8.0 (from typer<1.0,>=0.9->typer[all]<1.0,>=0.9->gradio==4.21.0->-r requirements-ci.txt (line 11))
build-and-test	Install Dependencies	2026-07-22T18:52:54.6588755Z   Downloading rich-15.0.0-py3-none-any.whl.metadata (18 kB)
build-and-test	Install Dependencies	2026-07-22T18:52:54.6845172Z Collecting annotated-doc>=0.0.2 (from typer<1.0,>=0.9->typer[all]<1.0,>=0.9->gradio==4.21.0->-r requirements-ci.txt (line 11))
build-and-test	Install Dependencies	2026-07-22T18:52:54.7035339Z   Downloading annotated_doc-0.0.4-py3-none-any.whl.metadata (6.6 kB)
build-and-test	Install Dependencies	2026-07-22T18:52:54.7087597Z WARNING: typer 0.27.0 does not provide the extra 'all'
build-and-test	Install Dependencies	2026-07-22T18:52:54.7442223Z Collecting anyio (from httpx>=0.24.1->gradio==4.21.0->-r requirements-ci.txt (line 11))
build-and-test	Install Dependencies	2026-07-22T18:52:54.7631058Z   Downloading anyio-4.14.2-py3-none-any.whl.metadata (4.6 kB)
build-and-test	Install Dependencies	2026-07-22T18:52:54.7957652Z Collecting certifi (from httpx>=0.24.1->gradio==4.21.0->-r requirements-ci.txt (line 11))
build-and-test	Install Dependencies	2026-07-22T18:52:54.8146327Z   Downloading certifi-2026.7.22-py3-none-any.whl.metadata (2.5 kB)
build-and-test	Install Dependencies	2026-07-22T18:52:54.8431884Z Collecting httpcore==1.* (from httpx>=0.24.1->gradio==4.21.0->-r requirements-ci.txt (line 11))
build-and-test	Install Dependencies	2026-07-22T18:52:54.8622990Z   Downloading httpcore-1.0.9-py3-none-any.whl.metadata (21 kB)
build-and-test	Install Dependencies	2026-07-22T18:52:54.8910656Z Collecting idna (from httpx>=0.24.1->gradio==4.21.0->-r requirements-ci.txt (line 11))
build-and-test	Install Dependencies	2026-07-22T18:52:54.9102037Z   Downloading idna-3.18-py3-none-any.whl.metadata (6.1 kB)
build-and-test	Install Dependencies	2026-07-22T18:52:54.9366859Z Collecting h11>=0.16 (from httpcore==1.*->httpx>=0.24.1->gradio==4.21.0->-r requirements-ci.txt (line 11))
build-and-test	Install Dependencies	2026-07-22T18:52:54.9556283Z   Downloading h11-0.16.0-py3-none-any.whl.metadata (8.3 kB)
build-and-test	Install Dependencies	2026-07-22T18:52:54.9850676Z Collecting attrs>=22.2.0 (from jsonschema>=3.0->altair<6.0,>=4.2.0->gradio==4.21.0->-r requirements-ci.txt (line 11))
build-and-test	Install Dependencies	2026-07-22T18:52:55.0039756Z   Downloading attrs-26.1.0-py3-none-any.whl.metadata (8.8 kB)
build-and-test	Install Dependencies	2026-07-22T18:52:55.0310762Z Collecting jsonschema-specifications>=2023.03.6 (from jsonschema>=3.0->altair<6.0,>=4.2.0->gradio==4.21.0->-r requirements-ci.txt (line 11))
build-and-test	Install Dependencies	2026-07-22T18:52:55.0502682Z   Downloading jsonschema_specifications-2025.9.1-py3-none-any.whl.metadata (2.9 kB)
build-and-test	Install Dependencies	2026-07-22T18:52:55.0835017Z Collecting referencing>=0.28.4 (from jsonschema>=3.0->altair<6.0,>=4.2.0->gradio==4.21.0->-r requirements-ci.txt (line 11))
build-and-test	Install Dependencies	2026-07-22T18:52:55.1025475Z   Downloading referencing-0.37.0-py3-none-any.whl.metadata (2.8 kB)
build-and-test	Install Dependencies	2026-07-22T18:52:55.4070365Z Collecting rpds-py>=0.25.0 (from jsonschema>=3.0->altair<6.0,>=4.2.0->gradio==4.21.0->-r requirements-ci.txt (line 11))
build-and-test	Install Dependencies	2026-07-22T18:52:55.4264614Z   Downloading rpds_py-2026.6.3-cp311-cp311-manylinux_2_17_x86_64.manylinux2014_x86_64.whl.metadata (4.1 kB)
build-and-test	Install Dependencies	2026-07-22T18:52:55.8129332Z Collecting llvmlite<0.49,>=0.48.0dev0 (from numba>=0.51->pysocialforce==1.1.2->-r requirements-ci.txt (line 7))
build-and-test	Install Dependencies	2026-07-22T18:52:55.8321453Z   Downloading llvmlite-0.48.0-cp311-cp311-manylinux2014_x86_64.manylinux_2_17_x86_64.whl.metadata (5.0 kB)
build-and-test	Install Dependencies	2026-07-22T18:52:56.2228254Z INFO: pip is looking at multiple versions of opencv-python to determine which version is compatible with other requirements. This could take a while.
build-and-test	Install Dependencies	2026-07-22T18:52:56.2232029Z Collecting opencv-python>=4.6.0 (from ultralytics==8.1.29->-r requirements-ci.txt (line 10))
build-and-test	Install Dependencies	2026-07-22T18:52:56.2423224Z   Downloading opencv_python-4.13.0.92-cp37-abi3-manylinux_2_28_x86_64.whl.metadata (19 kB)
build-and-test	Install Dependencies	2026-07-22T18:52:56.4442702Z   Downloading opencv_python-4.13.0.90-cp37-abi3-manylinux_2_28_x86_64.whl.metadata (19 kB)
build-and-test	Install Dependencies	2026-07-22T18:52:56.4681350Z   Downloading opencv_python-4.12.0.88-cp37-abi3-manylinux2014_x86_64.manylinux_2_17_x86_64.whl.metadata (19 kB)
build-and-test	Install Dependencies	2026-07-22T18:52:56.4918076Z   Downloading opencv_python-4.11.0.86-cp37-abi3-manylinux_2_17_x86_64.manylinux2014_x86_64.whl.metadata (20 kB)
build-and-test	Install Dependencies	2026-07-22T18:52:56.5219135Z Collecting annotated-types>=0.6.0 (from pydantic>=2.0->gradio==4.21.0->-r requirements-ci.txt (line 11))
build-and-test	Install Dependencies	2026-07-22T18:52:56.5421961Z   Downloading annotated_types-0.7.0-py3-none-any.whl.metadata (15 kB)
build-and-test	Install Dependencies	2026-07-22T18:52:57.1368362Z Collecting pydantic-core==2.46.4 (from pydantic>=2.0->gradio==4.21.0->-r requirements-ci.txt (line 11))
build-and-test	Install Dependencies	2026-07-22T18:52:57.1563160Z   Downloading pydantic_core-2.46.4-cp311-cp311-manylinux_2_17_x86_64.manylinux2014_x86_64.whl.metadata (6.6 kB)
build-and-test	Install Dependencies	2026-07-22T18:52:57.1822794Z Collecting typing-inspection>=0.4.2 (from pydantic>=2.0->gradio==4.21.0->-r requirements-ci.txt (line 11))
build-and-test	Install Dependencies	2026-07-22T18:52:57.2011373Z   Downloading typing_inspection-0.4.2-py3-none-any.whl.metadata (2.6 kB)
build-and-test	Install Dependencies	2026-07-22T18:52:57.2318552Z Collecting six>=1.5 (from python-dateutil>=2.7->matplotlib==3.8.3->-r requirements-ci.txt (line 15))
build-and-test	Install Dependencies	2026-07-22T18:52:57.2508280Z   Downloading six-1.17.0-py2.py3-none-any.whl.metadata (1.7 kB)
build-and-test	Install Dependencies	2026-07-22T18:52:57.3483256Z Collecting charset_normalizer<4,>=2 (from requests>=2.23.0->ultralytics==8.1.29->-r requirements-ci.txt (line 10))
build-and-test	Install Dependencies	2026-07-22T18:52:57.3676421Z   Downloading charset_normalizer-3.4.9-cp311-cp311-manylinux2014_x86_64.manylinux_2_17_x86_64.manylinux_2_28_x86_64.whl.metadata (41 kB)
build-and-test	Install Dependencies	2026-07-22T18:52:57.4041604Z Collecting urllib3<3,>=1.26 (from requests>=2.23.0->ultralytics==8.1.29->-r requirements-ci.txt (line 10))
build-and-test	Install Dependencies	2026-07-22T18:52:57.4230799Z   Downloading urllib3-2.7.0-py3-none-any.whl.metadata (6.9 kB)
build-and-test	Install Dependencies	2026-07-22T18:52:57.4562550Z Collecting markdown-it-py>=2.2.0 (from rich>=13.8.0->typer<1.0,>=0.9->typer[all]<1.0,>=0.9->gradio==4.21.0->-r requirements-ci.txt (line 11))
build-and-test	Install Dependencies	2026-07-22T18:52:57.4756813Z   Downloading markdown_it_py-4.2.0-py3-none-any.whl.metadata (7.4 kB)
build-and-test	Install Dependencies	2026-07-22T18:52:57.5079166Z Collecting pygments<3.0.0,>=2.13.0 (from rich>=13.8.0->typer<1.0,>=0.9->typer[all]<1.0,>=0.9->gradio==4.21.0->-r requirements-ci.txt (line 11))
build-and-test	Install Dependencies	2026-07-22T18:52:57.5270183Z   Downloading pygments-2.20.0-py3-none-any.whl.metadata (2.5 kB)
build-and-test	Install Dependencies	2026-07-22T18:52:57.5534576Z Collecting mdurl~=0.1 (from markdown-it-py>=2.2.0->rich>=13.8.0->typer<1.0,>=0.9->typer[all]<1.0,>=0.9->gradio==4.21.0->-r requirements-ci.txt (line 11))
build-and-test	Install Dependencies	2026-07-22T18:52:57.5725789Z   Downloading mdurl-0.1.2-py3-none-any.whl.metadata (1.6 kB)
build-and-test	Install Dependencies	2026-07-22T18:52:57.5881500Z INFO: pip is looking at multiple versions of torchvision to determine which version is compatible with other requirements. This could take a while.
build-and-test	Install Dependencies	2026-07-22T18:52:57.5884976Z Collecting torchvision>=0.9.0 (from ultralytics==8.1.29->-r requirements-ci.txt (line 10))
build-and-test	Install Dependencies	2026-07-22T18:52:57.6081873Z   Downloading torchvision-0.27.1-cp311-cp311-manylinux_2_28_x86_64.whl.metadata (5.5 kB)
build-and-test	Install Dependencies	2026-07-22T18:52:57.6353534Z   Downloading torchvision-0.27.0-cp311-cp311-manylinux_2_28_x86_64.whl.metadata (5.5 kB)
build-and-test	Install Dependencies	2026-07-22T18:52:57.6591313Z   Downloading torchvision-0.26.0-cp311-cp311-manylinux_2_28_x86_64.whl.metadata (5.5 kB)
build-and-test	Install Dependencies	2026-07-22T18:52:57.6849977Z   Downloading torchvision-0.25.0-cp311-cp311-manylinux_2_28_x86_64.whl.metadata (5.4 kB)
build-and-test	Install Dependencies	2026-07-22T18:52:57.7088824Z   Downloading torchvision-0.24.1-cp311-cp311-manylinux_2_28_x86_64.whl.metadata (5.9 kB)
build-and-test	Install Dependencies	2026-07-22T18:52:57.7333347Z   Downloading torchvision-0.24.0-cp311-cp311-manylinux_2_28_x86_64.whl.metadata (5.9 kB)
build-and-test	Install Dependencies	2026-07-22T18:52:57.7573728Z   Downloading torchvision-0.23.0-cp311-cp311-manylinux_2_28_x86_64.whl.metadata (6.1 kB)
build-and-test	Install Dependencies	2026-07-22T18:52:57.7617812Z INFO: pip is still looking at multiple versions of torchvision to determine which version is compatible with other requirements. This could take a while.
build-and-test	Install Dependencies	2026-07-22T18:52:57.7823516Z   Downloading torchvision-0.22.1-cp311-cp311-manylinux_2_28_x86_64.whl.metadata (6.1 kB)
build-and-test	Install Dependencies	2026-07-22T18:52:57.8071448Z   Downloading torchvision-0.22.0-cp311-cp311-manylinux_2_28_x86_64.whl.metadata (6.1 kB)
build-and-test	Install Dependencies	2026-07-22T18:52:57.8306887Z   Downloading torchvision-0.21.0-cp311-cp311-manylinux1_x86_64.whl.metadata (6.1 kB)
build-and-test	Install Dependencies	2026-07-22T18:52:57.8563945Z   Downloading torchvision-0.20.1-cp311-cp311-manylinux1_x86_64.whl.metadata (6.1 kB)
build-and-test	Install Dependencies	2026-07-22T18:52:57.8803127Z   Downloading torchvision-0.20.0-cp311-cp311-manylinux1_x86_64.whl.metadata (6.1 kB)
build-and-test	Install Dependencies	2026-07-22T18:52:57.8843693Z INFO: This is taking longer than usual. You might need to provide the dependency resolver with stricter constraints to reduce runtime. See https://pip.pypa.io/warnings/backtracking for guidance. If you want to abort this run, press Ctrl + C.
build-and-test	Install Dependencies	2026-07-22T18:52:57.9047068Z   Downloading torchvision-0.19.1-cp311-cp311-manylinux1_x86_64.whl.metadata (6.0 kB)
build-and-test	Install Dependencies	2026-07-22T18:52:57.9295110Z   Downloading torchvision-0.19.0-cp311-cp311-manylinux1_x86_64.whl.metadata (6.0 kB)
build-and-test	Install Dependencies	2026-07-22T18:52:57.9529563Z   Downloading torchvision-0.18.1-cp311-cp311-manylinux1_x86_64.whl.metadata (6.6 kB)
build-and-test	Install Dependencies	2026-07-22T18:52:57.9769069Z   Downloading torchvision-0.18.0-cp311-cp311-manylinux1_x86_64.whl.metadata (6.6 kB)
build-and-test	Install Dependencies	2026-07-22T18:52:58.0034137Z   Downloading torchvision-0.17.2-cp311-cp311-manylinux1_x86_64.whl.metadata (6.6 kB)
build-and-test	Install Dependencies	2026-07-22T18:52:58.0279067Z   Downloading torchvision-0.17.1-cp311-cp311-manylinux1_x86_64.whl.metadata (6.6 kB)
build-and-test	Install Dependencies	2026-07-22T18:52:58.0650114Z Collecting click>=7.0 (from uvicorn>=0.14.0->gradio==4.21.0->-r requirements-ci.txt (line 11))
build-and-test	Install Dependencies	2026-07-22T18:52:58.0849067Z   Downloading click-8.4.2-py3-none-any.whl.metadata (2.6 kB)
build-and-test	Install Dependencies	2026-07-22T18:52:58.1143807Z Collecting aiohappyeyeballs>=2.5.0 (from aiohttp->torch-geometric==2.5.0->-r requirements-ci.txt (line 13))
build-and-test	Install Dependencies	2026-07-22T18:52:58.1339806Z   Downloading aiohappyeyeballs-2.7.1-py3-none-any.whl.metadata (5.9 kB)
build-and-test	Install Dependencies	2026-07-22T18:52:58.1590943Z Collecting aiosignal>=1.4.0 (from aiohttp->torch-geometric==2.5.0->-r requirements-ci.txt (line 13))
build-and-test	Install Dependencies	2026-07-22T18:52:58.1780502Z   Downloading aiosignal-1.4.0-py3-none-any.whl.metadata (3.7 kB)
build-and-test	Install Dependencies	2026-07-22T18:52:58.2446888Z Collecting frozenlist>=1.1.1 (from aiohttp->torch-geometric==2.5.0->-r requirements-ci.txt (line 13))
build-and-test	Install Dependencies	2026-07-22T18:52:58.2638993Z   Downloading frozenlist-1.8.0-cp311-cp311-manylinux1_x86_64.manylinux_2_28_x86_64.manylinux_2_5_x86_64.whl.metadata (20 kB)
build-and-test	Install Dependencies	2026-07-22T18:52:58.5303796Z Collecting multidict<7.0,>=4.5 (from aiohttp->torch-geometric==2.5.0->-r requirements-ci.txt (line 13))
build-and-test	Install Dependencies	2026-07-22T18:52:58.5499606Z   Downloading multidict-6.7.1-cp311-cp311-manylinux2014_x86_64.manylinux_2_17_x86_64.manylinux_2_28_x86_64.whl.metadata (5.3 kB)
build-and-test	Install Dependencies	2026-07-22T18:52:58.6099351Z Collecting propcache>=0.2.0 (from aiohttp->torch-geometric==2.5.0->-r requirements-ci.txt (line 13))
build-and-test	Install Dependencies	2026-07-22T18:52:58.6290272Z   Downloading propcache-0.5.2-cp311-cp311-manylinux2014_x86_64.manylinux_2_17_x86_64.manylinux_2_28_x86_64.whl.metadata (16 kB)
build-and-test	Install Dependencies	2026-07-22T18:52:58.8410671Z Collecting yarl<2.0,>=1.17.0 (from aiohttp->torch-geometric==2.5.0->-r requirements-ci.txt (line 13))
build-and-test	Install Dependencies	2026-07-22T18:52:58.8604662Z   Downloading yarl-1.24.5-cp311-cp311-manylinux2014_x86_64.manylinux_2_17_x86_64.manylinux_2_28_x86_64.whl.metadata (103 kB)
build-and-test	Install Dependencies	2026-07-22T18:52:58.9187628Z Collecting starlette>=0.46.0 (from fastapi->gradio==4.21.0->-r requirements-ci.txt (line 11))
build-and-test	Install Dependencies	2026-07-22T18:52:58.9378701Z   Downloading starlette-1.3.1-py3-none-any.whl.metadata (6.4 kB)
build-and-test	Install Dependencies	2026-07-22T18:52:58.9760620Z Collecting mpmath<1.4,>=1.1.0 (from sympy->torch==2.2.1->-r requirements-ci.txt (line 9))
build-and-test	Install Dependencies	2026-07-22T18:52:58.9949559Z   Downloading mpmath-1.3.0-py3-none-any.whl.metadata (8.6 kB)
build-and-test	Install Dependencies	2026-07-22T18:52:59.0207521Z Downloading numpy-1.26.4-cp311-cp311-manylinux_2_17_x86_64.manylinux2014_x86_64.whl (18.3 MB)
build-and-test	Install Dependencies	2026-07-22T18:52:59.2185127Z    ━━━━━━━━━━━━━━━━━━━━━━━━━━━━━━━━━━━━━━━━ 18.3/18.3 MB 101.1 MB/s  0:00:00
build-and-test	Install Dependencies	2026-07-22T18:52:59.2391750Z Downloading opencv_python_headless-4.9.0.80-cp37-abi3-manylinux_2_17_x86_64.manylinux2014_x86_64.whl (49.6 MB)
build-and-test	Install Dependencies	2026-07-22T18:52:59.4543842Z    ━━━━━━━━━━━━━━━━━━━━━━━━━━━━━━━━━━━━━━━━ 49.6/49.6 MB 232.3 MB/s  0:00:00
build-and-test	Install Dependencies	2026-07-22T18:52:59.4754892Z Downloading PySocialForce-1.1.2-py3-none-any.whl (18 kB)
build-and-test	Install Dependencies	2026-07-22T18:52:59.5001023Z Downloading networkx-3.2.1-py3-none-any.whl (1.6 MB)
build-and-test	Install Dependencies	2026-07-22T18:52:59.5081338Z    ━━━━━━━━━━━━━━━━━━━━━━━━━━━━━━━━━━━━━━━━ 1.6/1.6 MB 236.6 MB/s  0:00:00
build-and-test	Install Dependencies	2026-07-22T18:52:59.5304019Z Downloading torch-2.2.1-cp311-cp311-manylinux1_x86_64.whl (755.6 MB)
build-and-test	Install Dependencies	2026-07-22T18:53:08.0112416Z    ━━━━━━━━━━━━━━━━━━━━━━━━━━━━━━━━━━━━━━━━ 755.6/755.6 MB 51.3 MB/s  0:00:08
build-and-test	Install Dependencies	2026-07-22T18:53:08.0327970Z Downloading ultralytics-8.1.29-py3-none-any.whl (721 kB)
build-and-test	Install Dependencies	2026-07-22T18:53:08.0391436Z    ━━━━━━━━━━━━━━━━━━━━━━━━━━━━━━━━━━━━━━━━ 721.3/721.3 kB 121.9 MB/s  0:00:00
build-and-test	Install Dependencies	2026-07-22T18:53:08.0604205Z Downloading gradio-4.21.0-py3-none-any.whl (17.0 MB)
build-and-test	Install Dependencies	2026-07-22T18:53:08.1718918Z    ━━━━━━━━━━━━━━━━━━━━━━━━━━━━━━━━━━━━━━━━ 17.0/17.0 MB 155.6 MB/s  0:00:00
build-and-test	Install Dependencies	2026-07-22T18:53:08.1925045Z Downloading matplotlib-3.8.3-cp311-cp311-manylinux_2_17_x86_64.manylinux2014_x86_64.whl (11.6 MB)
build-and-test	Install Dependencies	2026-07-22T18:53:08.2558329Z    ━━━━━━━━━━━━━━━━━━━━━━━━━━━━━━━━━━━━━━━━ 11.6/11.6 MB 186.4 MB/s  0:00:00
build-and-test	Install Dependencies	2026-07-22T18:53:08.2760589Z Downloading torch_geometric-2.5.0-py3-none-any.whl (1.1 MB)
build-and-test	Install Dependencies	2026-07-22T18:53:08.2846182Z    ━━━━━━━━━━━━━━━━━━━━━━━━━━━━━━━━━━━━━━━━ 1.1/1.1 MB 156.2 MB/s  0:00:00
build-and-test	Install Dependencies	2026-07-22T18:53:08.3050432Z Downloading scikit_learn-1.4.1.post1-cp311-cp311-manylinux_2_17_x86_64.manylinux2014_x86_64.whl (12.1 MB)
build-and-test	Install Dependencies	2026-07-22T18:53:08.3941695Z    ━━━━━━━━━━━━━━━━━━━━━━━━━━━━━━━━━━━━━━━━ 12.1/12.1 MB 137.7 MB/s  0:00:00
build-and-test	Install Dependencies	2026-07-22T18:53:08.4160157Z Downloading pytest-8.0.2-py3-none-any.whl (333 kB)
build-and-test	Install Dependencies	2026-07-22T18:53:08.4394358Z Downloading ruff-0.3.2-py3-none-manylinux_2_17_x86_64.manylinux2014_x86_64.whl (7.9 MB)
build-and-test	Install Dependencies	2026-07-22T18:53:08.4918638Z    ━━━━━━━━━━━━━━━━━━━━━━━━━━━━━━━━━━━━━━━━ 7.9/7.9 MB 157.7 MB/s  0:00:00
build-and-test	Install Dependencies	2026-07-22T18:53:08.5120281Z Downloading gradio_client-0.12.0-py3-none-any.whl (310 kB)
build-and-test	Install Dependencies	2026-07-22T18:53:08.5418583Z Downloading nvidia_cublas_cu12-12.1.3.1-py3-none-manylinux1_x86_64.whl (410.6 MB)
build-and-test	Install Dependencies	2026-07-22T18:53:11.6859588Z    ━━━━━━━━━━━━━━━━━━━━━━━━━━━━━━━━━━━━━━━━ 410.6/410.6 MB 102.8 MB/s  0:00:03
build-and-test	Install Dependencies	2026-07-22T18:53:11.7093996Z Downloading nvidia_cuda_cupti_cu12-12.1.105-py3-none-manylinux1_x86_64.whl (14.1 MB)
build-and-test	Install Dependencies	2026-07-22T18:53:11.7746620Z    ━━━━━━━━━━━━━━━━━━━━━━━━━━━━━━━━━━━━━━━━ 14.1/14.1 MB 219.6 MB/s  0:00:00
build-and-test	Install Dependencies	2026-07-22T18:53:11.7972645Z Downloading nvidia_cuda_nvrtc_cu12-12.1.105-py3-none-manylinux1_x86_64.whl (23.7 MB)
build-and-test	Install Dependencies	2026-07-22T18:53:11.9179111Z    ━━━━━━━━━━━━━━━━━━━━━━━━━━━━━━━━━━━━━━━━ 23.7/23.7 MB 197.4 MB/s  0:00:00
build-and-test	Install Dependencies	2026-07-22T18:53:11.9400114Z Downloading nvidia_cuda_runtime_cu12-12.1.105-py3-none-manylinux1_x86_64.whl (823 kB)
build-and-test	Install Dependencies	2026-07-22T18:53:11.9454201Z    ━━━━━━━━━━━━━━━━━━━━━━━━━━━━━━━━━━━━━━━━ 823.6/823.6 kB 173.0 MB/s  0:00:00
build-and-test	Install Dependencies	2026-07-22T18:53:11.9692658Z Downloading nvidia_cudnn_cu12-8.9.2.26-py3-none-manylinux1_x86_64.whl (731.7 MB)
build-and-test	Install Dependencies	2026-07-22T18:53:18.3519931Z    ━━━━━━━━━━━━━━━━━━━━━━━━━━━━━━━━━━━━━━━━ 731.7/731.7 MB 56.8 MB/s  0:00:06
build-and-test	Install Dependencies	2026-07-22T18:53:18.3720205Z Downloading nvidia_cufft_cu12-11.0.2.54-py3-none-manylinux1_x86_64.whl (121.6 MB)
build-and-test	Install Dependencies	2026-07-22T18:53:18.9913254Z    ━━━━━━━━━━━━━━━━━━━━━━━━━━━━━━━━━━━━━━━━ 121.6/121.6 MB 196.7 MB/s  0:00:00
build-and-test	Install Dependencies	2026-07-22T18:53:19.0148401Z Downloading nvidia_curand_cu12-10.3.2.106-py3-none-manylinux1_x86_64.whl (56.5 MB)
build-and-test	Install Dependencies	2026-07-22T18:53:19.3085901Z    ━━━━━━━━━━━━━━━━━━━━━━━━━━━━━━━━━━━━━━━━ 56.5/56.5 MB 192.9 MB/s  0:00:00
build-and-test	Install Dependencies	2026-07-22T18:53:19.3314601Z Downloading nvidia_cusolver_cu12-11.4.5.107-py3-none-manylinux1_x86_64.whl (124.2 MB)
build-and-test	Install Dependencies	2026-07-22T18:53:19.9810584Z    ━━━━━━━━━━━━━━━━━━━━━━━━━━━━━━━━━━━━━━━━ 124.2/124.2 MB 191.4 MB/s  0:00:00
build-and-test	Install Dependencies	2026-07-22T18:53:20.0014842Z Downloading nvidia_cusparse_cu12-12.1.0.106-py3-none-manylinux1_x86_64.whl (196.0 MB)
build-and-test	Install Dependencies	2026-07-22T18:53:21.1263316Z    ━━━━━━━━━━━━━━━━━━━━━━━━━━━━━━━━━━━━━━━━ 196.0/196.0 MB 174.4 MB/s  0:00:01
build-and-test	Install Dependencies	2026-07-22T18:53:21.1493373Z Downloading nvidia_nccl_cu12-2.19.3-py3-none-manylinux1_x86_64.whl (166.0 MB)
build-and-test	Install Dependencies	2026-07-22T18:53:22.3819417Z    ━━━━━━━━━━━━━━━━━━━━━━━━━━━━━━━━━━━━━━━━ 166.0/166.0 MB 134.7 MB/s  0:00:01
build-and-test	Install Dependencies	2026-07-22T18:53:22.4013485Z Downloading nvidia_nvtx_cu12-12.1.105-py3-none-manylinux1_x86_64.whl (99 kB)
build-and-test	Install Dependencies	2026-07-22T18:53:22.4238978Z Downloading tomlkit-0.12.0-py3-none-any.whl (37 kB)
build-and-test	Install Dependencies	2026-07-22T18:53:22.4457543Z Downloading triton-2.2.0-cp311-cp311-manylinux_2_17_x86_64.manylinux2014_x86_64.whl (167.9 MB)
build-and-test	Install Dependencies	2026-07-22T18:53:23.3321611Z    ━━━━━━━━━━━━━━━━━━━━━━━━━━━━━━━━━━━━━━━━ 167.9/167.9 MB 189.7 MB/s  0:00:00
build-and-test	Install Dependencies	2026-07-22T18:53:23.3516885Z Downloading pyyaml-6.0.3-cp311-cp311-manylinux2014_x86_64.manylinux_2_17_x86_64.manylinux_2_28_x86_64.whl (806 kB)
build-and-test	Install Dependencies	2026-07-22T18:53:23.3567846Z    ━━━━━━━━━━━━━━━━━━━━━━━━━━━━━━━━━━━━━━━━ 806.6/806.6 kB 179.9 MB/s  0:00:00
build-and-test	Install Dependencies	2026-07-22T18:53:23.3768143Z Downloading huggingface_hub-0.23.5-py3-none-any.whl (402 kB)
build-and-test	Install Dependencies	2026-07-22T18:53:23.3995791Z Downloading aiofiles-23.2.1-py3-none-any.whl (15 kB)
build-and-test	Install Dependencies	2026-07-22T18:53:23.4203056Z Downloading altair-5.5.0-py3-none-any.whl (731 kB)
build-and-test	Install Dependencies	2026-07-22T18:53:23.4253272Z    ━━━━━━━━━━━━━━━━━━━━━━━━━━━━━━━━━━━━━━━━ 731.2/731.2 kB 156.9 MB/s  0:00:00
build-and-test	Install Dependencies	2026-07-22T18:53:23.4450758Z Downloading importlib_resources-6.5.2-py3-none-any.whl (37 kB)
build-and-test	Install Dependencies	2026-07-22T18:53:23.4658587Z Downloading jinja2-3.1.6-py3-none-any.whl (134 kB)
build-and-test	Install Dependencies	2026-07-22T18:53:23.4889547Z Downloading MarkupSafe-2.1.5-cp311-cp311-manylinux_2_17_x86_64.manylinux2014_x86_64.whl (28 kB)
build-and-test	Install Dependencies	2026-07-22T18:53:23.5098475Z Downloading orjson-3.11.9-cp311-cp311-manylinux_2_17_x86_64.manylinux2014_x86_64.whl (133 kB)
build-and-test	Install Dependencies	2026-07-22T18:53:23.5315436Z Downloading pandas-2.3.3-cp311-cp311-manylinux_2_24_x86_64.manylinux_2_28_x86_64.whl (12.8 MB)
build-and-test	Install Dependencies	2026-07-22T18:53:23.5929493Z    ━━━━━━━━━━━━━━━━━━━━━━━━━━━━━━━━━━━━━━━━ 12.8/12.8 MB 211.3 MB/s  0:00:00
build-and-test	Install Dependencies	2026-07-22T18:53:23.6147646Z Downloading pillow-10.4.0-cp311-cp311-manylinux_2_28_x86_64.whl (4.5 MB)
build-and-test	Install Dependencies	2026-07-22T18:53:23.6455791Z    ━━━━━━━━━━━━━━━━━━━━━━━━━━━━━━━━━━━━━━━━ 4.5/4.5 MB 150.9 MB/s  0:00:00
build-and-test	Install Dependencies	2026-07-22T18:53:23.6644949Z Downloading pluggy-1.6.0-py3-none-any.whl (20 kB)
build-and-test	Install Dependencies	2026-07-22T18:53:23.6856259Z Downloading semantic_version-2.10.0-py2.py3-none-any.whl (15 kB)
build-and-test	Install Dependencies	2026-07-22T18:53:23.7063813Z Downloading typer-0.27.0-py3-none-any.whl (122 kB)
build-and-test	Install Dependencies	2026-07-22T18:53:23.7280056Z Downloading typing_extensions-4.16.0-py3-none-any.whl (45 kB)
build-and-test	Install Dependencies	2026-07-22T18:53:23.7499768Z Downloading websockets-11.0.3-cp311-cp311-manylinux_2_5_x86_64.manylinux1_x86_64.manylinux_2_17_x86_64.manylinux2014_x86_64.whl (130 kB)
build-and-test	Install Dependencies	2026-07-22T18:53:23.7710408Z Downloading annotated_doc-0.0.4-py3-none-any.whl (5.3 kB)
build-and-test	Install Dependencies	2026-07-22T18:53:23.7919280Z Downloading contourpy-1.3.3-cp311-cp311-manylinux_2_27_x86_64.manylinux_2_28_x86_64.whl (355 kB)
build-and-test	Install Dependencies	2026-07-22T18:53:23.8132266Z Downloading cycler-0.12.1-py3-none-any.whl (8.3 kB)
build-and-test	Install Dependencies	2026-07-22T18:53:23.8343403Z Downloading fonttools-4.63.0-cp311-cp311-manylinux2014_x86_64.manylinux_2_17_x86_64.whl (5.1 MB)
build-and-test	Install Dependencies	2026-07-22T18:53:23.8526525Z    ━━━━━━━━━━━━━━━━━━━━━━━━━━━━━━━━━━━━━━━━ 5.1/5.1 MB 303.3 MB/s  0:00:00
build-and-test	Install Dependencies	2026-07-22T18:53:23.8719202Z Downloading fsspec-2026.6.0-py3-none-any.whl (203 kB)
build-and-test	Install Dependencies	2026-07-22T18:53:23.8931259Z Downloading httpx-0.28.1-py3-none-any.whl (73 kB)
build-and-test	Install Dependencies	2026-07-22T18:53:23.9143800Z Downloading httpcore-1.0.9-py3-none-any.whl (78 kB)
build-and-test	Install Dependencies	2026-07-22T18:53:23.9353117Z Downloading h11-0.16.0-py3-none-any.whl (37 kB)
build-and-test	Install Dependencies	2026-07-22T18:53:23.9564564Z Downloading joblib-1.5.3-py3-none-any.whl (309 kB)
build-and-test	Install Dependencies	2026-07-22T18:53:23.9775977Z Downloading jsonschema-4.26.0-py3-none-any.whl (90 kB)
build-and-test	Install Dependencies	2026-07-22T18:53:23.9985969Z Downloading attrs-26.1.0-py3-none-any.whl (67 kB)
build-and-test	Install Dependencies	2026-07-22T18:53:24.0195772Z Downloading jsonschema_specifications-2025.9.1-py3-none-any.whl (18 kB)
build-and-test	Install Dependencies	2026-07-22T18:53:24.0407177Z Downloading kiwisolver-1.5.0-cp311-cp311-manylinux2014_x86_64.manylinux_2_17_x86_64.whl (1.4 MB)
build-and-test	Install Dependencies	2026-07-22T18:53:24.0475952Z    ━━━━━━━━━━━━━━━━━━━━━━━━━━━━━━━━━━━━━━━━ 1.4/1.4 MB 281.3 MB/s  0:00:00
build-and-test	Install Dependencies	2026-07-22T18:53:24.0666360Z Downloading narwhals-2.24.0-py3-none-any.whl (461 kB)
build-and-test	Install Dependencies	2026-07-22T18:53:24.0929449Z Downloading numba-0.66.0-cp311-cp311-manylinux2014_x86_64.manylinux_2_17_x86_64.whl (3.8 MB)
build-and-test	Install Dependencies	2026-07-22T18:53:24.1124605Z    ━━━━━━━━━━━━━━━━━━━━━━━━━━━━━━━━━━━━━━━━ 3.8/3.8 MB 203.7 MB/s  0:00:00
build-and-test	Install Dependencies	2026-07-22T18:53:24.1338912Z Downloading llvmlite-0.48.0-cp311-cp311-manylinux2014_x86_64.manylinux_2_17_x86_64.whl (59.9 MB)
build-and-test	Install Dependencies	2026-07-22T18:53:24.4528584Z    ━━━━━━━━━━━━━━━━━━━━━━━━━━━━━━━━━━━━━━━━ 59.9/59.9 MB 188.3 MB/s  0:00:00
build-and-test	Install Dependencies	2026-07-22T18:53:24.4721414Z Downloading opencv_python-4.11.0.86-cp37-abi3-manylinux_2_17_x86_64.manylinux2014_x86_64.whl (63.0 MB)
build-and-test	Install Dependencies	2026-07-22T18:53:24.7177257Z    ━━━━━━━━━━━━━━━━━━━━━━━━━━━━━━━━━━━━━━━━ 63.0/63.0 MB 258.8 MB/s  0:00:00
build-and-test	Install Dependencies	2026-07-22T18:53:24.7369450Z Downloading packaging-26.2-py3-none-any.whl (100 kB)
build-and-test	Install Dependencies	2026-07-22T18:53:24.7578986Z Downloading psutil-7.2.2-cp36-abi3-manylinux2010_x86_64.manylinux_2_12_x86_64.manylinux_2_28_x86_64.whl (155 kB)
build-and-test	Install Dependencies	2026-07-22T18:53:24.7788701Z Downloading pydantic-2.13.4-py3-none-any.whl (472 kB)
build-and-test	Install Dependencies	2026-07-22T18:53:24.8005457Z Downloading pydantic_core-2.46.4-cp311-cp311-manylinux_2_17_x86_64.manylinux2014_x86_64.whl (2.1 MB)
build-and-test	Install Dependencies	2026-07-22T18:53:24.8084995Z    ━━━━━━━━━━━━━━━━━━━━━━━━━━━━━━━━━━━━━━━━ 2.1/2.1 MB 312.4 MB/s  0:00:00
build-and-test	Install Dependencies	2026-07-22T18:53:24.8285183Z Downloading annotated_types-0.7.0-py3-none-any.whl (13 kB)
build-and-test	Install Dependencies	2026-07-22T18:53:24.8491740Z Downloading pyparsing-3.3.2-py3-none-any.whl (122 kB)
build-and-test	Install Dependencies	2026-07-22T18:53:24.8702080Z Downloading python_dateutil-2.9.0.post0-py2.py3-none-any.whl (229 kB)
build-and-test	Install Dependencies	2026-07-22T18:53:24.8911923Z Downloading python_multipart-0.0.32-py3-none-any.whl (30 kB)
build-and-test	Install Dependencies	2026-07-22T18:53:24.9148936Z Downloading pytz-2026.2-py2.py3-none-any.whl (510 kB)
build-and-test	Install Dependencies	2026-07-22T18:53:24.9367710Z Downloading referencing-0.37.0-py3-none-any.whl (26 kB)
build-and-test	Install Dependencies	2026-07-22T18:53:24.9576019Z Downloading requests-2.34.2-py3-none-any.whl (73 kB)
build-and-test	Install Dependencies	2026-07-22T18:53:24.9784841Z Downloading charset_normalizer-3.4.9-cp311-cp311-manylinux2014_x86_64.manylinux_2_17_x86_64.manylinux_2_28_x86_64.whl (221 kB)
build-and-test	Install Dependencies	2026-07-22T18:53:24.9995233Z Downloading idna-3.18-py3-none-any.whl (65 kB)
build-and-test	Install Dependencies	2026-07-22T18:53:25.0209506Z Downloading urllib3-2.7.0-py3-none-any.whl (131 kB)
build-and-test	Install Dependencies	2026-07-22T18:53:25.0419032Z Downloading certifi-2026.7.22-py3-none-any.whl (136 kB)
build-and-test	Install Dependencies	2026-07-22T18:53:25.0641301Z Downloading rich-15.0.0-py3-none-any.whl (310 kB)
build-and-test	Install Dependencies	2026-07-22T18:53:25.0857406Z Downloading pygments-2.20.0-py3-none-any.whl (1.2 MB)
build-and-test	Install Dependencies	2026-07-22T18:53:25.0918179Z    ━━━━━━━━━━━━━━━━━━━━━━━━━━━━━━━━━━━━━━━━ 1.2/1.2 MB 244.4 MB/s  0:00:00
build-and-test	Install Dependencies	2026-07-22T18:53:25.1112129Z Downloading markdown_it_py-4.2.0-py3-none-any.whl (91 kB)
build-and-test	Install Dependencies	2026-07-22T18:53:25.1321397Z Downloading mdurl-0.1.2-py3-none-any.whl (10.0 kB)
build-and-test	Install Dependencies	2026-07-22T18:53:25.1529800Z Downloading rpds_py-2026.6.3-cp311-cp311-manylinux_2_17_x86_64.manylinux2014_x86_64.whl (371 kB)
build-and-test	Install Dependencies	2026-07-22T18:53:25.1746518Z Downloading scipy-1.17.1-cp311-cp311-manylinux_2_27_x86_64.manylinux_2_28_x86_64.whl (35.3 MB)
build-and-test	Install Dependencies	2026-07-22T18:53:25.2775738Z    ━━━━━━━━━━━━━━━━━━━━━━━━━━━━━━━━━━━━━━━━ 35.3/35.3 MB 349.6 MB/s  0:00:00
build-and-test	Install Dependencies	2026-07-22T18:53:25.2967370Z Downloading seaborn-0.13.2-py3-none-any.whl (294 kB)
build-and-test	Install Dependencies	2026-07-22T18:53:25.3180926Z Downloading shellingham-1.5.4-py2.py3-none-any.whl (9.8 kB)
build-and-test	Install Dependencies	2026-07-22T18:53:25.3388153Z Downloading six-1.17.0-py2.py3-none-any.whl (11 kB)
build-and-test	Install Dependencies	2026-07-22T18:53:25.3645148Z Downloading thop-0.1.1.post2209072238-py3-none-any.whl (15 kB)
build-and-test	Install Dependencies	2026-07-22T18:53:25.3855739Z Downloading threadpoolctl-3.6.0-py3-none-any.whl (18 kB)
build-and-test	Install Dependencies	2026-07-22T18:53:25.4060739Z Downloading toml-0.10.2-py2.py3-none-any.whl (16 kB)
build-and-test	Install Dependencies	2026-07-22T18:53:25.4295227Z Downloading torchvision-0.17.1-cp311-cp311-manylinux1_x86_64.whl (6.9 MB)
build-and-test	Install Dependencies	2026-07-22T18:53:25.4789194Z    ━━━━━━━━━━━━━━━━━━━━━━━━━━━━━━━━━━━━━━━━ 6.9/6.9 MB 142.1 MB/s  0:00:00
build-and-test	Install Dependencies	2026-07-22T18:53:25.4984939Z Downloading tqdm-4.69.0-py3-none-any.whl (676 kB)
build-and-test	Install Dependencies	2026-07-22T18:53:25.5032777Z    ━━━━━━━━━━━━━━━━━━━━━━━━━━━━━━━━━━━━━━━━ 676.7/676.7 kB 146.1 MB/s  0:00:00
build-and-test	Install Dependencies	2026-07-22T18:53:25.5228663Z Downloading typing_inspection-0.4.2-py3-none-any.whl (14 kB)
build-and-test	Install Dependencies	2026-07-22T18:53:25.5439225Z Downloading tzdata-2026.3-py2.py3-none-any.whl (348 kB)
build-and-test	Install Dependencies	2026-07-22T18:53:25.5655239Z Downloading uvicorn-0.51.0-py3-none-any.whl (73 kB)
build-and-test	Install Dependencies	2026-07-22T18:53:25.5864085Z Downloading click-8.4.2-py3-none-any.whl (119 kB)
build-and-test	Install Dependencies	2026-07-22T18:53:25.6088338Z Downloading aiohttp-3.14.2-cp311-cp311-manylinux2014_x86_64.manylinux_2_17_x86_64.manylinux_2_28_x86_64.whl (1.8 MB)
build-and-test	Install Dependencies	2026-07-22T18:53:25.6160895Z    ━━━━━━━━━━━━━━━━━━━━━━━━━━━━━━━━━━━━━━━━ 1.8/1.8 MB 303.5 MB/s  0:00:00
build-and-test	Install Dependencies	2026-07-22T18:53:25.6355952Z Downloading multidict-6.7.1-cp311-cp311-manylinux2014_x86_64.manylinux_2_17_x86_64.manylinux_2_28_x86_64.whl (246 kB)
build-and-test	Install Dependencies	2026-07-22T18:53:25.6569325Z Downloading yarl-1.24.5-cp311-cp311-manylinux2014_x86_64.manylinux_2_17_x86_64.manylinux_2_28_x86_64.whl (111 kB)
build-and-test	Install Dependencies	2026-07-22T18:53:25.6778509Z Downloading aiohappyeyeballs-2.7.1-py3-none-any.whl (15 kB)
build-and-test	Install Dependencies	2026-07-22T18:53:25.6986782Z Downloading aiosignal-1.4.0-py3-none-any.whl (7.5 kB)
build-and-test	Install Dependencies	2026-07-22T18:53:25.7196670Z Downloading frozenlist-1.8.0-cp311-cp311-manylinux1_x86_64.manylinux_2_28_x86_64.manylinux_2_5_x86_64.whl (231 kB)
build-and-test	Install Dependencies	2026-07-22T18:53:25.7419262Z Downloading propcache-0.5.2-cp311-cp311-manylinux2014_x86_64.manylinux_2_17_x86_64.manylinux_2_28_x86_64.whl (58 kB)
build-and-test	Install Dependencies	2026-07-22T18:53:25.7628536Z Downloading anyio-4.14.2-py3-none-any.whl (125 kB)
build-and-test	Install Dependencies	2026-07-22T18:53:25.7857612Z Downloading fastapi-0.139.2-py3-none-any.whl (130 kB)
build-and-test	Install Dependencies	2026-07-22T18:53:25.8070720Z Downloading starlette-1.3.1-py3-none-any.whl (73 kB)
build-and-test	Install Dependencies	2026-07-22T18:53:25.8290340Z Downloading ffmpy-1.0.0-py3-none-any.whl (5.6 kB)
build-and-test	Install Dependencies	2026-07-22T18:53:25.8496606Z Downloading filelock-3.32.0-py3-none-any.whl (97 kB)
build-and-test	Install Dependencies	2026-07-22T18:53:25.8710962Z Downloading iniconfig-2.3.0-py3-none-any.whl (7.5 kB)
build-and-test	Install Dependencies	2026-07-22T18:53:25.8988301Z Downloading nvidia_nvjitlink_cu12-12.9.86-py3-none-manylinux2010_x86_64.manylinux_2_12_x86_64.whl (39.7 MB)
build-and-test	Install Dependencies	2026-07-22T18:53:26.1097501Z    ━━━━━━━━━━━━━━━━━━━━━━━━━━━━━━━━━━━━━━━━ 39.7/39.7 MB 189.6 MB/s  0:00:00
build-and-test	Install Dependencies	2026-07-22T18:53:26.1290840Z Downloading py_cpuinfo-9.0.0-py3-none-any.whl (22 kB)
build-and-test	Install Dependencies	2026-07-22T18:53:26.1498608Z Downloading pydub-0.25.1-py2.py3-none-any.whl (32 kB)
build-and-test	Install Dependencies	2026-07-22T18:53:26.1708479Z Downloading sympy-1.14.0-py3-none-any.whl (6.3 MB)
build-and-test	Install Dependencies	2026-07-22T18:53:26.1948812Z    ━━━━━━━━━━━━━━━━━━━━━━━━━━━━━━━━━━━━━━━━ 6.3/6.3 MB 280.6 MB/s  0:00:00
build-and-test	Install Dependencies	2026-07-22T18:53:26.2140453Z Downloading mpmath-1.3.0-py3-none-any.whl (536 kB)
build-and-test	Install Dependencies	2026-07-22T18:53:26.2185628Z    ━━━━━━━━━━━━━━━━━━━━━━━━━━━━━━━━━━━━━━━━ 536.2/536.2 kB 111.5 MB/s  0:00:00
build-and-test	Install Dependencies	2026-07-22T18:53:29.1765668Z Installing collected packages: pytz, pydub, py-cpuinfo, mpmath, websockets, urllib3, tzdata, typing-extensions, tqdm, tomlkit, toml, threadpoolctl, sympy, six, shellingham, semantic-version, ruff, rpds-py, pyyaml, python-multipart, pyparsing, pygments, psutil, propcache, pluggy, pillow, packaging, orjson, nvidia-nvtx-cu12, nvidia-nvjitlink-cu12, nvidia-nccl-cu12, nvidia-curand-cu12, nvidia-cufft-cu12, nvidia-cuda-runtime-cu12, nvidia-cuda-nvrtc-cu12, nvidia-cuda-cupti-cu12, nvidia-cublas-cu12, numpy, networkx, narwhals, multidict, mdurl, markupsafe, llvmlite, kiwisolver, joblib, iniconfig, importlib-resources, idna, h11, fsspec, frozenlist, fonttools, filelock, ffmpy, cycler, click, charset_normalizer, certifi, attrs, annotated-types, annotated-doc, aiohappyeyeballs, aiofiles, yarl, uvicorn, typing-inspection, triton, scipy, requests, referencing, python-dateutil, pytest, pydantic-core, opencv-python-headless, opencv-python, nvidia-cusparse-cu12, nvidia-cudnn-cu12, numba, markdown-it-py, jinja2, httpcore, contourpy, anyio, aiosignal, starlette, scikit-learn, rich, pysocialforce, pydantic, pandas, nvidia-cusolver-cu12, matplotlib, jsonschema-specifications, huggingface-hub, httpx, aiohttp, typer, torch-geometric, torch, seaborn, jsonschema, gradio-client, fastapi, torchvision, thop, altair, ultralytics, gradio
build-and-test	Install Dependencies	2026-07-22T18:54:32.8418308Z 
build-and-test	Install Dependencies	2026-07-22T18:54:32.8461341Z Successfully installed aiofiles-23.2.1 aiohappyeyeballs-2.7.1 aiohttp-3.14.2 aiosignal-1.4.0 altair-5.5.0 annotated-doc-0.0.4 annotated-types-0.7.0 anyio-4.14.2 attrs-26.1.0 certifi-2026.7.22 charset_normalizer-3.4.9 click-8.4.2 contourpy-1.3.3 cycler-0.12.1 fastapi-0.139.2 ffmpy-1.0.0 filelock-3.32.0 fonttools-4.63.0 frozenlist-1.8.0 fsspec-2026.6.0 gradio-4.21.0 gradio-client-0.12.0 h11-0.16.0 httpcore-1.0.9 httpx-0.28.1 huggingface-hub-0.23.5 idna-3.18 importlib-resources-6.5.2 iniconfig-2.3.0 jinja2-3.1.6 joblib-1.5.3 jsonschema-4.26.0 jsonschema-specifications-2025.9.1 kiwisolver-1.5.0 llvmlite-0.48.0 markdown-it-py-4.2.0 markupsafe-2.1.5 matplotlib-3.8.3 mdurl-0.1.2 mpmath-1.3.0 multidict-6.7.1 narwhals-2.24.0 networkx-3.2.1 numba-0.66.0 numpy-1.26.4 nvidia-cublas-cu12-12.1.3.1 nvidia-cuda-cupti-cu12-12.1.105 nvidia-cuda-nvrtc-cu12-12.1.105 nvidia-cuda-runtime-cu12-12.1.105 nvidia-cudnn-cu12-8.9.2.26 nvidia-cufft-cu12-11.0.2.54 nvidia-curand-cu12-10.3.2.106 nvidia-cusolver-cu12-11.4.5.107 nvidia-cusparse-cu12-12.1.0.106 nvidia-nccl-cu12-2.19.3 nvidia-nvjitlink-cu12-12.9.86 nvidia-nvtx-cu12-12.1.105 opencv-python-4.11.0.86 opencv-python-headless-4.9.0.80 orjson-3.11.9 packaging-26.2 pandas-2.3.3 pillow-10.4.0 pluggy-1.6.0 propcache-0.5.2 psutil-7.2.2 py-cpuinfo-9.0.0 pydantic-2.13.4 pydantic-core-2.46.4 pydub-0.25.1 pygments-2.20.0 pyparsing-3.3.2 pysocialforce-1.1.2 pytest-8.0.2 python-dateutil-2.9.0.post0 python-multipart-0.0.32 pytz-2026.2 pyyaml-6.0.3 referencing-0.37.0 requests-2.34.2 rich-15.0.0 rpds-py-2026.6.3 ruff-0.3.2 scikit-learn-1.4.1.post1 scipy-1.17.1 seaborn-0.13.2 semantic-version-2.10.0 shellingham-1.5.4 six-1.17.0 starlette-1.3.1 sympy-1.14.0 thop-0.1.1.post2209072238 threadpoolctl-3.6.0 toml-0.10.2 tomlkit-0.12.0 torch-2.2.1 torch-geometric-2.5.0 torchvision-0.17.1 tqdm-4.69.0 triton-2.2.0 typer-0.27.0 typing-extensions-4.16.0 typing-inspection-0.4.2 tzdata-2026.3 ultralytics-8.1.29 urllib3-2.7.0 uvicorn-0.51.0 websockets-11.0.3 yarl-1.24.5
build-and-test	Lint with Ruff	﻿2026-07-22T18:54:33.3660251Z ##[group]Run # Check all python files in the repository
build-and-test	Lint with Ruff	2026-07-22T18:54:33.3660696Z ^[[36;1m# Check all python files in the repository^[[0m
build-and-test	Lint with Ruff	2026-07-22T18:54:33.3661035Z ^[[36;1mruff check crowdflow_dna/ tests/ training/^[[0m
build-and-test	Lint with Ruff	2026-07-22T18:54:33.3723857Z shell: /usr/bin/bash -e {0}
build-and-test	Lint with Ruff	2026-07-22T18:54:33.3724111Z env:
build-and-test	Lint with Ruff	2026-07-22T18:54:33.3724491Z   pythonLocation: /opt/hostedtoolcache/Python/3.11.15/x64
build-and-test	Lint with Ruff	2026-07-22T18:54:33.3724926Z   PKG_CONFIG_PATH: /opt/hostedtoolcache/Python/3.11.15/x64/lib/pkgconfig
build-and-test	Lint with Ruff	2026-07-22T18:54:33.3725341Z   Python_ROOT_DIR: /opt/hostedtoolcache/Python/3.11.15/x64
build-and-test	Lint with Ruff	2026-07-22T18:54:33.3725728Z   Python2_ROOT_DIR: /opt/hostedtoolcache/Python/3.11.15/x64
build-and-test	Lint with Ruff	2026-07-22T18:54:33.3726092Z   Python3_ROOT_DIR: /opt/hostedtoolcache/Python/3.11.15/x64
build-and-test	Lint with Ruff	2026-07-22T18:54:33.3726452Z   LD_LIBRARY_PATH: /opt/hostedtoolcache/Python/3.11.15/x64/lib
build-and-test	Lint with Ruff	2026-07-22T18:54:33.3726778Z ##[endgroup]
build-and-test	Run Pytest	﻿2026-07-22T18:54:33.4185581Z ##[group]Run # Run pytest. A placeholder test ensures this doesn't fail with exit code 5 (no tests found)
build-and-test	Run Pytest	2026-07-22T18:54:33.4186311Z ^[[36;1m# Run pytest. A placeholder test ensures this doesn't fail with exit code 5 (no tests found)^[[0m
build-and-test	Run Pytest	2026-07-22T18:54:33.4186779Z ^[[36;1mpytest tests/^[[0m
build-and-test	Run Pytest	2026-07-22T18:54:33.4247354Z shell: /usr/bin/bash -e {0}
build-and-test	Run Pytest	2026-07-22T18:54:33.4247621Z env:
build-and-test	Run Pytest	2026-07-22T18:54:33.4247895Z   pythonLocation: /opt/hostedtoolcache/Python/3.11.15/x64
build-and-test	Run Pytest	2026-07-22T18:54:33.4248341Z   PKG_CONFIG_PATH: /opt/hostedtoolcache/Python/3.11.15/x64/lib/pkgconfig
build-and-test	Run Pytest	2026-07-22T18:54:33.4248761Z   Python_ROOT_DIR: /opt/hostedtoolcache/Python/3.11.15/x64
build-and-test	Run Pytest	2026-07-22T18:54:33.4249130Z   Python2_ROOT_DIR: /opt/hostedtoolcache/Python/3.11.15/x64
build-and-test	Run Pytest	2026-07-22T18:54:33.4249514Z   Python3_ROOT_DIR: /opt/hostedtoolcache/Python/3.11.15/x64
build-and-test	Run Pytest	2026-07-22T18:54:33.4249881Z   LD_LIBRARY_PATH: /opt/hostedtoolcache/Python/3.11.15/x64/lib
build-and-test	Run Pytest	2026-07-22T18:54:33.4250201Z ##[endgroup]
build-and-test	Run Pytest	2026-07-22T18:54:44.1352944Z ============================= test session starts ==============================
build-and-test	Run Pytest	2026-07-22T18:54:44.1354125Z platform linux -- Python 3.11.15, pytest-8.0.2, pluggy-1.6.0
build-and-test	Run Pytest	2026-07-22T18:54:44.1354975Z rootdir: /home/runner/work/CrowdDNA/CrowdDNA
build-and-test	Run Pytest	2026-07-22T18:54:44.1355444Z plugins: anyio-4.14.2
build-and-test	Run Pytest	2026-07-22T18:54:44.1355802Z collected 368 items / 1 error
build-and-test	Run Pytest	2026-07-22T18:54:44.1356047Z 
build-and-test	Run Pytest	2026-07-22T18:54:44.1356269Z ==================================== ERRORS ====================================
build-and-test	Run Pytest	2026-07-22T18:54:44.1356922Z ______________ ERROR collecting tests/test_analyze_experiment.py _______________
build-and-test	Run Pytest	2026-07-22T18:54:44.1357829Z ImportError while importing test module '/home/runner/work/CrowdDNA/CrowdDNA/tests/test_analyze_experiment.py'.
build-and-test	Run Pytest	2026-07-22T18:54:44.1358999Z Hint: make sure your test modules/packages have valid Python names.
build-and-test	Run Pytest	2026-07-22T18:54:44.1359520Z Traceback:
build-and-test	Run Pytest	2026-07-22T18:54:44.1360130Z /opt/hostedtoolcache/Python/3.11.15/x64/lib/python3.11/importlib/__init__.py:126: in import_module
build-and-test	Run Pytest	2026-07-22T18:54:44.1360978Z     return _bootstrap._gcd_import(name[level:], package, level)
build-and-test	Run Pytest	2026-07-22T18:54:44.1361521Z tests/test_analyze_experiment.py:10: in <module>
build-and-test	Run Pytest	2026-07-22T18:54:44.1362044Z     from training.analyze_experiment import analyze_experiment
build-and-test	Run Pytest	2026-07-22T18:54:44.1362596Z E   ModuleNotFoundError: No module named 'training'
build-and-test	Run Pytest	2026-07-22T18:54:44.1363118Z =============================== warnings summary ===============================
build-and-test	Run Pytest	2026-07-22T18:54:44.1363970Z ../../../../../opt/hostedtoolcache/Python/3.11.15/x64/lib/python3.11/site-packages/matplotlib/_fontconfig_pattern.py:88
build-and-test	Run Pytest	2026-07-22T18:54:44.1365276Z ../../../../../opt/hostedtoolcache/Python/3.11.15/x64/lib/python3.11/site-packages/matplotlib/_fontconfig_pattern.py:88
build-and-test	Run Pytest	2026-07-22T18:54:44.1366386Z ../../../../../opt/hostedtoolcache/Python/3.11.15/x64/lib/python3.11/site-packages/matplotlib/_fontconfig_pattern.py:88
build-and-test	Run Pytest	2026-07-22T18:54:44.1367453Z ../../../../../opt/hostedtoolcache/Python/3.11.15/x64/lib/python3.11/site-packages/matplotlib/_fontconfig_pattern.py:88
build-and-test	Run Pytest	2026-07-22T18:54:44.1368492Z ../../../../../opt/hostedtoolcache/Python/3.11.15/x64/lib/python3.11/site-packages/matplotlib/_fontconfig_pattern.py:88
build-and-test	Run Pytest	2026-07-22T18:54:44.1369551Z ../../../../../opt/hostedtoolcache/Python/3.11.15/x64/lib/python3.11/site-packages/matplotlib/_fontconfig_pattern.py:88
build-and-test	Run Pytest	2026-07-22T18:54:44.1371028Z   /opt/hostedtoolcache/Python/3.11.15/x64/lib/python3.11/site-packages/matplotlib/_fontconfig_pattern.py:88: PyparsingDeprecationWarning: 'parseString' deprecated - use 'parse_string'
build-and-test	Run Pytest	2026-07-22T18:54:44.1372185Z     parse = parser.parseString(pattern)
build-and-test	Run Pytest	2026-07-22T18:54:44.1372452Z 
build-and-test	Run Pytest	2026-07-22T18:54:44.1372917Z ../../../../../opt/hostedtoolcache/Python/3.11.15/x64/lib/python3.11/site-packages/matplotlib/_fontconfig_pattern.py:92
build-and-test	Run Pytest	2026-07-22T18:54:44.1373990Z ../../../../../opt/hostedtoolcache/Python/3.11.15/x64/lib/python3.11/site-packages/matplotlib/_fontconfig_pattern.py:92
build-and-test	Run Pytest	2026-07-22T18:54:44.1375180Z ../../../../../opt/hostedtoolcache/Python/3.11.15/x64/lib/python3.11/site-packages/matplotlib/_fontconfig_pattern.py:92
build-and-test	Run Pytest	2026-07-22T18:54:44.1376553Z ../../../../../opt/hostedtoolcache/Python/3.11.15/x64/lib/python3.11/site-packages/matplotlib/_fontconfig_pattern.py:92
build-and-test	Run Pytest	2026-07-22T18:54:44.1377710Z ../../../../../opt/hostedtoolcache/Python/3.11.15/x64/lib/python3.11/site-packages/matplotlib/_fontconfig_pattern.py:92
build-and-test	Run Pytest	2026-07-22T18:54:44.1378795Z ../../../../../opt/hostedtoolcache/Python/3.11.15/x64/lib/python3.11/site-packages/matplotlib/_fontconfig_pattern.py:92
build-and-test	Run Pytest	2026-07-22T18:54:44.1380266Z   /opt/hostedtoolcache/Python/3.11.15/x64/lib/python3.11/site-packages/matplotlib/_fontconfig_pattern.py:92: PyparsingDeprecationWarning: 'resetCache' deprecated - use 'reset_cache'
build-and-test	Run Pytest	2026-07-22T18:54:44.1381413Z     parser.resetCache()
build-and-test	Run Pytest	2026-07-22T18:54:44.1381617Z 
build-and-test	Run Pytest	2026-07-22T18:54:44.1382018Z ../../../../../opt/hostedtoolcache/Python/3.11.15/x64/lib/python3.11/site-packages/gradio/routes.py:53
build-and-test	Run Pytest	2026-07-22T18:54:44.1383379Z   /opt/hostedtoolcache/Python/3.11.15/x64/lib/python3.11/site-packages/gradio/routes.py:53: PendingDeprecationWarning: Please use `import python_multipart` instead.
build-and-test	Run Pytest	2026-07-22T18:54:44.1384706Z     from multipart.multipart import parse_options_header
build-and-test	Run Pytest	2026-07-22T18:54:44.1385042Z 
build-and-test	Run Pytest	2026-07-22T18:54:44.1385491Z ../../../../../opt/hostedtoolcache/Python/3.11.15/x64/lib/python3.11/site-packages/matplotlib/_mathtext.py:45
build-and-test	Run Pytest	2026-07-22T18:54:44.1386861Z   /opt/hostedtoolcache/Python/3.11.15/x64/lib/python3.11/site-packages/matplotlib/_mathtext.py:45: PyparsingDeprecationWarning: 'enablePackrat' deprecated - use 'enable_packrat'
build-and-test	Run Pytest	2026-07-22T18:54:44.1388044Z     ParserElement.enablePackrat()
build-and-test	Run Pytest	2026-07-22T18:54:44.1388302Z 
build-and-test	Run Pytest	2026-07-22T18:54:44.1388685Z ../../../../../opt/hostedtoolcache/Python/3.11.15/x64/lib/python3.11/site-packages/thop/profile.py:12
build-and-test	Run Pytest	2026-07-22T18:54:44.1389769Z ../../../../../opt/hostedtoolcache/Python/3.11.15/x64/lib/python3.11/site-packages/thop/profile.py:12
build-and-test	Run Pytest	2026-07-22T18:54:44.1391134Z   /opt/hostedtoolcache/Python/3.11.15/x64/lib/python3.11/site-packages/thop/profile.py:12: DeprecationWarning: distutils Version classes are deprecated. Use packaging.version instead.
build-and-test	Run Pytest	2026-07-22T18:54:44.1392326Z     if LooseVersion(torch.__version__) < LooseVersion("1.0.0"):
build-and-test	Run Pytest	2026-07-22T18:54:44.1392689Z 
build-and-test	Run Pytest	2026-07-22T18:54:44.1393060Z ../../../../../opt/hostedtoolcache/Python/3.11.15/x64/lib/python3.11/site-packages/thop/profile.py:68
build-and-test	Run Pytest	2026-07-22T18:54:44.1393933Z ../../../../../opt/hostedtoolcache/Python/3.11.15/x64/lib/python3.11/site-packages/thop/profile.py:68
build-and-test	Run Pytest	2026-07-22T18:54:44.1395416Z   /opt/hostedtoolcache/Python/3.11.15/x64/lib/python3.11/site-packages/thop/profile.py:68: DeprecationWarning: distutils Version classes are deprecated. Use packaging.version instead.
build-and-test	Run Pytest	2026-07-22T18:54:44.1396610Z     if LooseVersion(torch.__version__) >= LooseVersion("1.1.0"):
build-and-test	Run Pytest	2026-07-22T18:54:44.1396975Z 
build-and-test	Run Pytest	2026-07-22T18:54:44.1397378Z ../../../../../opt/hostedtoolcache/Python/3.11.15/x64/lib/python3.11/site-packages/gradio/routes.py:940
build-and-test	Run Pytest	2026-07-22T18:54:44.1398272Z ../../../../../opt/hostedtoolcache/Python/3.11.15/x64/lib/python3.11/site-packages/gradio/routes.py:940
build-and-test	Run Pytest	2026-07-22T18:54:44.1399260Z   /opt/hostedtoolcache/Python/3.11.15/x64/lib/python3.11/site-packages/gradio/routes.py:940: DeprecationWarning: 
build-and-test	Run Pytest	2026-07-22T18:54:44.1400100Z           on_event is deprecated, use lifespan event handlers instead.
build-and-test	Run Pytest	2026-07-22T18:54:44.1400569Z   
build-and-test	Run Pytest	2026-07-22T18:54:44.1400827Z           Read more about it in the
build-and-test	Run Pytest	2026-07-22T18:54:44.1401416Z           [FastAPI docs for Lifespan Events](https://fastapi.tiangolo.com/advanced/events/).
build-and-test	Run Pytest	2026-07-22T18:54:44.1402007Z           
build-and-test	Run Pytest	2026-07-22T18:54:44.1402276Z     @app.on_event("startup")
build-and-test	Run Pytest	2026-07-22T18:54:44.1402478Z 
build-and-test	Run Pytest	2026-07-22T18:54:44.1402927Z ../../../../../opt/hostedtoolcache/Python/3.11.15/x64/lib/python3.11/site-packages/fastapi/applications.py:4675
build-and-test	Run Pytest	2026-07-22T18:54:44.1403934Z ../../../../../opt/hostedtoolcache/Python/3.11.15/x64/lib/python3.11/site-packages/fastapi/applications.py:4675
build-and-test	Run Pytest	2026-07-22T18:54:44.1405217Z   /opt/hostedtoolcache/Python/3.11.15/x64/lib/python3.11/site-packages/fastapi/applications.py:4675: DeprecationWarning: 
build-and-test	Run Pytest	2026-07-22T18:54:44.1406311Z           on_event is deprecated, use lifespan event handlers instead.
build-and-test	Run Pytest	2026-07-22T18:54:44.1406774Z   
build-and-test	Run Pytest	2026-07-22T18:54:44.1407029Z           Read more about it in the
build-and-test	Run Pytest	2026-07-22T18:54:44.1407609Z           [FastAPI docs for Lifespan Events](https://fastapi.tiangolo.com/advanced/events/).
build-and-test	Run Pytest	2026-07-22T18:54:44.1408194Z           
build-and-test	Run Pytest	2026-07-22T18:54:44.1408576Z     return self.router.on_event(event_type)  # ty: ignore[deprecated]
build-and-test	Run Pytest	2026-07-22T18:54:44.1408961Z 
build-and-test	Run Pytest	2026-07-22T18:54:44.1409235Z -- Docs: https://docs.pytest.org/en/stable/how-to/capture-warnings.html
build-and-test	Run Pytest	2026-07-22T18:54:44.1409981Z =========================== short test summary info ============================
build-and-test	Run Pytest	2026-07-22T18:54:44.1410531Z ERROR tests/test_analyze_experiment.py
build-and-test	Run Pytest	2026-07-22T18:54:44.1411006Z !!!!!!!!!!!!!!!!!!!! Interrupted: 1 error during collection !!!!!!!!!!!!!!!!!!!!
build-and-test	Run Pytest	2026-07-22T18:54:44.1411562Z ======================== 22 warnings, 1 error in 9.82s =========================
build-and-test	Run Pytest	2026-07-22T18:54:45.0855850Z ##[error]Process completed with exit code 2.
build-and-test	Post Run actions/checkout@v4	﻿2026-07-22T18:54:45.2036906Z Node 20 is being deprecated. This workflow is running with Node 24 by default. If you need to temporarily use Node 20, you can set the ACTIONS_ALLOW_USE_UNSECURE_NODE_VERSION=true environment variable. For more information see: https://github.blog/changelog/2025-09-19-deprecation-of-node-20-on-github-actions-runners/
build-and-test	Post Run actions/checkout@v4	2026-07-22T18:54:45.2038120Z Post job cleanup.
build-and-test	Post Run actions/checkout@v4	2026-07-22T18:54:45.2921075Z [command]/usr/bin/git version
build-and-test	Post Run actions/checkout@v4	2026-07-22T18:54:45.3005030Z git version 2.54.0
build-and-test	Post Run actions/checkout@v4	2026-07-22T18:54:45.3071985Z Temporarily overriding HOME='/home/runner/work/_temp/a53c67b7-1cac-4bb6-876e-496e547da209' before making global git config changes
build-and-test	Post Run actions/checkout@v4	2026-07-22T18:54:45.3073952Z Adding repository directory to the temporary git global config as a safe directory
build-and-test	Post Run actions/checkout@v4	2026-07-22T18:54:45.3075456Z [command]/usr/bin/git config --global --add safe.directory /home/runner/work/CrowdDNA/CrowdDNA
build-and-test	Post Run actions/checkout@v4	2026-07-22T18:54:45.3121138Z [command]/usr/bin/git config --local --name-only --get-regexp core\.sshCommand
build-and-test	Post Run actions/checkout@v4	2026-07-22T18:54:45.3213532Z [command]/usr/bin/git submodule foreach --recursive sh -c "git config --local --name-only --get-regexp 'core\.sshCommand' && git config --local --unset-all 'core.sshCommand' || :"
build-and-test	Post Run actions/checkout@v4	2026-07-22T18:54:45.3553781Z [command]/usr/bin/git config --local --name-only --get-regexp http\.https\:\/\/github\.com\/\.extraheader
build-and-test	Post Run actions/checkout@v4	2026-07-22T18:54:45.3578630Z http.https://github.com/.extraheader
build-and-test	Post Run actions/checkout@v4	2026-07-22T18:54:45.3601309Z [command]/usr/bin/git config --local --unset-all http.https://github.com/.extraheader
build-and-test	Post Run actions/checkout@v4	2026-07-22T18:54:45.3644756Z [command]/usr/bin/git submodule foreach --recursive sh -c "git config --local --name-only --get-regexp 'http\.https\:\/\/github\.com\/\.extraheader' && git config --local --unset-all 'http.https://github.com/.extraheader' || :"
build-and-test	Post Run actions/checkout@v4	2026-07-22T18:54:45.3975564Z [command]/usr/bin/git config --local --name-only --get-regexp ^includeIf\.gitdir:
build-and-test	Post Run actions/checkout@v4	2026-07-22T18:54:45.4040213Z [command]/usr/bin/git submodule foreach --recursive git config --local --show-origin --name-only --get-regexp remote.origin.url
build-and-test	Complete job	﻿2026-07-22T18:54:45.4498868Z Cleaning up orphan processes
build-and-test	Complete job	2026-07-22T18:54:45.4763489Z ##[warning]Node.js 20 is deprecated. The following actions target Node.js 20 but are being forced to run on Node.js 24: actions/checkout@v4, actions/setup-python@v5. For more information see: https://github.blog/changelog/2025-09-19-deprecation-of-node-20-on-github-actions-runners/
